Archive member included to satisfy reference by file (symbol)

/home/lth/st/stm32cubeide_1.19.0/plugins/com.st.stm32cube.ide.mcu.externaltools.gnu-tools-for-stm32.13.3.rel1.linux64_1.0.0.202410170706/tools/bin/../lib/gcc/arm-none-eabi/13.3.1/../../../../arm-none-eabi/lib/thumb/v7e-m+fp/hard/libc_nano.a(libc_a-exit.o)
                              /home/lth/st/stm32cubeide_1.19.0/plugins/com.st.stm32cube.ide.mcu.externaltools.gnu-tools-for-stm32.13.3.rel1.linux64_1.0.0.202410170706/tools/bin/../lib/gcc/arm-none-eabi/13.3.1/../../../../arm-none-eabi/lib/thumb/v7e-m+fp/hard/crt0.o (exit)
/home/lth/st/stm32cubeide_1.19.0/plugins/com.st.stm32cube.ide.mcu.externaltools.gnu-tools-for-stm32.13.3.rel1.linux64_1.0.0.202410170706/tools/bin/../lib/gcc/arm-none-eabi/13.3.1/../../../../arm-none-eabi/lib/thumb/v7e-m+fp/hard/libc_nano.a(libc_a-findfp.o)
                              /home/lth/st/stm32cubeide_1.19.0/plugins/com.st.stm32cube.ide.mcu.externaltools.gnu-tools-for-stm32.13.3.rel1.linux64_1.0.0.202410170706/tools/bin/../lib/gcc/arm-none-eabi/13.3.1/../../../../arm-none-eabi/lib/thumb/v7e-m+fp/hard/libc_nano.a(libc_a-exit.o) (__stdio_exit_handler)
/home/lth/st/stm32cubeide_1.19.0/plugins/com.st.stm32cube.ide.mcu.externaltools.gnu-tools-for-stm32.13.3.rel1.linux64_1.0.0.202410170706/tools/bin/../lib/gcc/arm-none-eabi/13.3.1/../../../../arm-none-eabi/lib/thumb/v7e-m+fp/hard/libc_nano.a(libc_a-fwalk.o)
                              /home/lth/st/stm32cubeide_1.19.0/plugins/com.st.stm32cube.ide.mcu.externaltools.gnu-tools-for-stm32.13.3.rel1.linux64_1.0.0.202410170706/tools/bin/../lib/gcc/arm-none-eabi/13.3.1/../../../../arm-none-eabi/lib/thumb/v7e-m+fp/hard/libc_nano.a(libc_a-findfp.o) (_fwalk_sglue)
/home/lth/st/stm32cubeide_1.19.0/plugins/com.st.stm32cube.ide.mcu.externaltools.gnu-tools-for-stm32.13.3.rel1.linux64_1.0.0.202410170706/tools/bin/../lib/gcc/arm-none-eabi/13.3.1/../../../../arm-none-eabi/lib/thumb/v7e-m+fp/hard/libc_nano.a(libc_a-printf.o)
                              ./Core/Src/main.o (printf)
/home/lth/st/stm32cubeide_1.19.0/plugins/com.st.stm32cube.ide.mcu.externaltools.gnu-tools-for-stm32.13.3.rel1.linux64_1.0.0.202410170706/tools/bin/../lib/gcc/arm-none-eabi/13.3.1/../../../../arm-none-eabi/lib/thumb/v7e-m+fp/hard/libc_nano.a(libc_a-puts.o)
                              ./Core/Src/main.o (puts)
/home/lth/st/stm32cubeide_1.19.0/plugins/com.st.stm32cube.ide.mcu.externaltools.gnu-tools-for-stm32.13.3.rel1.linux64_1.0.0.202410170706/tools/bin/../lib/gcc/arm-none-eabi/13.3.1/../../../../arm-none-eabi/lib/thumb/v7e-m+fp/hard/libc_nano.a(libc_a-stdio.o)
                              /home/lth/st/stm32cubeide_1.19.0/plugins/com.st.stm32cube.ide.mcu.externaltools.gnu-tools-for-stm32.13.3.rel1.linux64_1.0.0.202410170706/tools/bin/../lib/gcc/arm-none-eabi/13.3.1/../../../../arm-none-eabi/lib/thumb/v7e-m+fp/hard/libc_nano.a(libc_a-findfp.o) (__sread)
/home/lth/st/stm32cubeide_1.19.0/plugins/com.st.stm32cube.ide.mcu.externaltools.gnu-tools-for-stm32.13.3.rel1.linux64_1.0.0.202410170706/tools/bin/../lib/gcc/arm-none-eabi/13.3.1/../../../../arm-none-eabi/lib/thumb/v7e-m+fp/hard/libc_nano.a(libc_a-wbuf.o)
                              /home/lth/st/stm32cubeide_1.19.0/plugins/com.st.stm32cube.ide.mcu.externaltools.gnu-tools-for-stm32.13.3.rel1.linux64_1.0.0.202410170706/tools/bin/../lib/gcc/arm-none-eabi/13.3.1/../../../../arm-none-eabi/lib/thumb/v7e-m+fp/hard/libc_nano.a(libc_a-puts.o) (__swbuf_r)
/home/lth/st/stm32cubeide_1.19.0/plugins/com.st.stm32cube.ide.mcu.externaltools.gnu-tools-for-stm32.13.3.rel1.linux64_1.0.0.202410170706/tools/bin/../lib/gcc/arm-none-eabi/13.3.1/../../../../arm-none-eabi/lib/thumb/v7e-m+fp/hard/libc_nano.a(libc_a-wsetup.o)
                              /home/lth/st/stm32cubeide_1.19.0/plugins/com.st.stm32cube.ide.mcu.externaltools.gnu-tools-for-stm32.13.3.rel1.linux64_1.0.0.202410170706/tools/bin/../lib/gcc/arm-none-eabi/13.3.1/../../../../arm-none-eabi/lib/thumb/v7e-m+fp/hard/libc_nano.a(libc_a-puts.o) (__swsetup_r)
/home/lth/st/stm32cubeide_1.19.0/plugins/com.st.stm32cube.ide.mcu.externaltools.gnu-tools-for-stm32.13.3.rel1.linux64_1.0.0.202410170706/tools/bin/../lib/gcc/arm-none-eabi/13.3.1/../../../../arm-none-eabi/lib/thumb/v7e-m+fp/hard/libc_nano.a(libc_a-memset.o)
                              /home/lth/st/stm32cubeide_1.19.0/plugins/com.st.stm32cube.ide.mcu.externaltools.gnu-tools-for-stm32.13.3.rel1.linux64_1.0.0.202410170706/tools/bin/../lib/gcc/arm-none-eabi/13.3.1/../../../../arm-none-eabi/lib/thumb/v7e-m+fp/hard/crt0.o (memset)
/home/lth/st/stm32cubeide_1.19.0/plugins/com.st.stm32cube.ide.mcu.externaltools.gnu-tools-for-stm32.13.3.rel1.linux64_1.0.0.202410170706/tools/bin/../lib/gcc/arm-none-eabi/13.3.1/../../../../arm-none-eabi/lib/thumb/v7e-m+fp/hard/libc_nano.a(libc_a-closer.o)
[...]
Memory Configuration

Name             Origin             Length             Attributes
RAM              0x20000000         0x0000c000         xrw
RAM2             0x10000000         0x00004000         xrw
FLASH            0x08000000         0x00040000         xr
*default*        0x00000000         0xffffffff

Linker script and memory map

LOAD /home/lth/st/stm32cubeide_1.19.0/plugins/com.st.stm32cube.ide.mcu.externaltools.gnu-tools-for-stm32.13.3.rel1.linux64_1.0.0.202410170706/tools/bin/../lib/gcc/arm-none-eabi/13.3.1/thumb/v7e-m+fp/hard/crti.o
LOAD /home/lth/st/stm32cubeide_1.19.0/plugins/com.st.stm32cube.ide.mcu.externaltools.gnu-tools-for-stm32.13.3.rel1.linux64_1.0.0.202410170706/tools/bin/../lib/gcc/arm-none-eabi/13.3.1/thumb/v7e-m+fp/hard/crtbegin.o
LOAD /home/lth/st/stm32cubeide_1.19.0/plugins/com.st.stm32cube.ide.mcu.externaltools.gnu-tools-for-stm32.13.3.rel1.linux64_1.0.0.202410170706/tools/bin/../lib/gcc/arm-none-eabi/13.3.1/../../../../arm-none-eabi/lib/thumb/v7e-m+fp/hard/crt0.o
LOAD ./Core/Src/main.o
LOAD ./Core/Src/stm32l4xx_hal_msp.o
LOAD ./Core/Src/stm32l4xx_it.o
LOAD ./Core/Src/syscalls.o
LOAD ./Core/Src/sysmem.o
LOAD ./Core/Src/system_stm32l4xx.o
LOAD ./Core/Startup/startup_stm32l432kcux.o
LOAD ./Drivers/STM32L4xx_HAL_Driver/Src/stm32l4xx_hal.o
LOAD ./Drivers/STM32L4xx_HAL_Driver/Src/stm32l4xx_hal_cortex.o
LOAD ./Drivers/STM32L4xx_HAL_Driver/Src/stm32l4xx_hal_dma.o
LOAD ./Drivers/STM32L4xx_HAL_Driver/Src/stm32l4xx_hal_dma_ex.o
LOAD ./Drivers/STM32L4xx_HAL_Driver/Src/stm32l4xx_hal_exti.o
LOAD ./Drivers/STM32L4xx_HAL_Driver/Src/stm32l4xx_hal_flash.o
LOAD ./Drivers/STM32L4xx_HAL_Driver/Src/stm32l4xx_hal_flash_ex.o
LOAD ./Drivers/STM32L4xx_HAL_Driver/Src/stm32l4xx_hal_flash_ramfunc.o
LOAD ./Drivers/STM32L4xx_HAL_Driver/Src/stm32l4xx_hal_gpio.o
LOAD ./Drivers/STM32L4xx_HAL_Driver/Src/stm32l4xx_hal_i2c.o
LOAD ./Drivers/STM32L4xx_HAL_Driver/Src/stm32l4xx_hal_i2c_ex.o
LOAD ./Drivers/STM32L4xx_HAL_Driver/Src/stm32l4xx_hal_pwr.o
LOAD ./Drivers/STM32L4xx_HAL_Driver/Src/stm32l4xx_hal_pwr_ex.o
LOAD ./Drivers/STM32L4xx_HAL_Driver/Src/stm32l4xx_hal_rcc.o
LOAD ./Drivers/STM32L4xx_HAL_Driver/Src/stm32l4xx_hal_rcc_ex.o
LOAD ./Drivers/STM32L4xx_HAL_Driver/Src/stm32l4xx_hal_spi.o
LOAD ./Drivers/STM32L4xx_HAL_Driver/Src/stm32l4xx_hal_spi_ex.o
LOAD ./Drivers/STM32L4xx_HAL_Driver/Src/stm32l4xx_hal_uart.o
LOAD ./Drivers/STM32L4xx_HAL_Driver/Src/stm32l4xx_hal_uart_ex.o
LOAD ./st7789/fonts.o
LOAD ./st7789/st7789.o
START GROUP
LOAD /home/lth/st/stm32cubeide_1.19.0/plugins/com.st.stm32cube.ide.mcu.externaltools.gnu-tools-for-stm32.13.3.rel1.linux64_1.0.0.202410170706/tools/bin/../lib/gcc/arm-none-eabi/13.3.1/../../../../arm-none-eabi/lib/thumb/v7e-m+fp/hard/libc_nano.a
LOAD /home/lth/st/stm32cubeide_1.19.0/plugins/com.st.stm32cube.ide.mcu.externaltools.gnu-tools-for-stm32.13.3.rel1.linux64_1.0.0.202410170706/tools/bin/../lib/gcc/arm-none-eabi/13.3.1/../../../../arm-none-eabi/lib/thumb/v7e-m+fp/hard/libm.a
END GROUP
START GROUP
LOAD /home/lth/st/stm32cubeide_1.19.0/plugins/com.st.stm32cube.ide.mcu.externaltools.gnu-tools-for-stm32.13.3.rel1.linux64_1.0.0.202410170706/tools/bin/../lib/gcc/arm-none-eabi/13.3.1/thumb/v7e-m+fp/hard/libgcc.a
LOAD /home/lth/st/stm32cubeide_1.19.0/plugins/com.st.stm32cube.ide.mcu.externaltools.gnu-tools-for-stm32.13.3.rel1.linux64_1.0.0.202410170706/tools/bin/../lib/gcc/arm-none-eabi/13.3.1/../../../../arm-none-eabi/lib/thumb/v7e-m+fp/hard/libc_nano.a
END GROUP
START GROUP
LOAD /home/lth/st/stm32cubeide_1.19.0/plugins/com.st.stm32cube.ide.mcu.externaltools.gnu-tools-for-stm32.13.3.rel1.linux64_1.0.0.202410170706/tools/bin/../lib/gcc/arm-none-eabi/13.3.1/thumb/v7e-m+fp/hard/libgcc.a
LOAD /home/lth/st/stm32cubeide_1.19.0/plugins/com.st.stm32cube.ide.mcu.externaltools.gnu-tools-for-stm32.13.3.rel1.linux64_1.0.0.202410170706/tools/bin/../lib/gcc/arm-none-eabi/13.3.1/../../../../arm-none-eabi/lib/thumb/v7e-m+fp/hard/libc_nano.a
LOAD /home/lth/st/stm32cubeide_1.19.0/plugins/com.st.stm32cube.ide.mcu.externaltools.gnu-tools-for-stm32.13.3.rel1.linux64_1.0.0.202410170706/tools/bin/../lib/gcc/arm-none-eabi/13.3.1/../../../../arm-none-eabi/lib/thumb/v7e-m+fp/hard/libnosys.a
END GROUP
START GROUP
LOAD /home/lth/st/stm32cubeide_1.19.0/plugins/com.st.stm32cube.ide.mcu.externaltools.gnu-tools-for-stm32.13.3.rel1.linux64_1.0.0.202410170706/tools/bin/../lib/gcc/arm-none-eabi/13.3.1/thumb/v7e-m+fp/hard/libgcc.a
LOAD /home/lth/st/stm32cubeide_1.19.0/plugins/com.st.stm32cube.ide.mcu.externaltools.gnu-tools-for-stm32.13.3.rel1.linux64_1.0.0.202410170706/tools/bin/../lib/gcc/arm-none-eabi/13.3.1/../../../../arm-none-eabi/lib/thumb/v7e-m+fp/hard/libc_nano.a
LOAD /home/lth/st/stm32cubeide_1.19.0/plugins/com.st.stm32cube.ide.mcu.externaltools.gnu-tools-for-stm32.13.3.rel1.linux64_1.0.0.202410170706/tools/bin/../lib/gcc/arm-none-eabi/13.3.1/../../../../arm-none-eabi/lib/thumb/v7e-m+fp/hard/libnosys.a
END GROUP
LOAD /home/lth/st/stm32cubeide_1.19.0/plugins/com.st.stm32cube.ide.mcu.externaltools.gnu-tools-for-stm32.13.3.rel1.linux64_1.0.0.202410170706/tools/bin/../lib/gcc/arm-none-eabi/13.3.1/thumb/v7e-m+fp/hard/crtend.o
LOAD /home/lth/st/stm32cubeide_1.19.0/plugins/com.st.stm32cube.ide.mcu.externaltools.gnu-tools-for-stm32.13.3.rel1.linux64_1.0.0.202410170706/tools/bin/../lib/gcc/arm-none-eabi/13.3.1/thumb/v7e-m+fp/hard/crtn.o
                0x2000c000                        _estack = (ORIGIN (RAM) + LENGTH (RAM))
                0x00000200                        _Min_Heap_Size = 0x200
                0x00000400                        _Min_Stack_Size = 0x400

.isr_vector     0x08000000      0x18c
                0x08000000                        . = ALIGN (0x4)
 *(.isr_vector)
 .isr_vector    0x08000000      0x18c ./Core/Startup/startup_stm32l432kcux.o
                0x08000000                g_pfnVectors
                0x0800018c                        . = ALIGN (0x4)

.text           0x08000190     0x49ac
                0x08000190                        . = ALIGN (0x4)
 *(.text)
 .text          0x08000190       0x40 /home/lth/st/stm32cubeide_1.19.0/plugins/com.st.stm32cube.ide.mcu.externaltools.gnu-tools-for-stm32.13.3.rel1.linux64_1.0.0.202410170706/tools/bin/../lib/gcc/arm-none-eabi/13.3.1/thumb/v7e-m+fp/hard/crtbegin.o
 .text          0x080001d0       0xa0 /home/lth/st/stm32cubeide_1.19.0/plugins/com.st.stm32cube.ide.mcu.externaltools.gnu-tools-for-stm32.13.3.rel1.linux64_1.0.0.202410170706/tools/bin/../lib/gcc/arm-none-eabi/13.3.1/../../../../arm-none-eabi/lib/thumb/v7e-m+fp/hard/libc_nano.a(libc_a-memchr.o)
                0x080001d0                memchr
 .text          0x08000270       0x30 /home/lth/st/stm32cubeide_1.19.0/plugins/com.st.stm32cube.ide.mcu.externaltools.gnu-tools-for-stm32.13.3.rel1.linux64_1.0.0.202410170706/tools/bin/../lib/gcc/arm-none-eabi/13.3.1/thumb/v7e-m+fp/hard/libgcc.a(_aeabi_uldivmod.o)
                0x08000270                __aeabi_uldivmod
 .text          0x080002a0      0x2f8 /home/lth/st/stm32cubeide_1.19.0/plugins/com.st.stm32cube.ide.mcu.externaltools.gnu-tools-for-stm32.13.3.rel1.linux64_1.0.0.202410170706/tools/bin/../lib/gcc/arm-none-eabi/13.3.1/thumb/v7e-m+fp/hard/libgcc.a(_udivmoddi4.o)
                0x080002a0                __udivmoddi4
 .text          0x08000598        0x4 /home/lth/st/stm32cubeide_1.19.0/plugins/com.st.stm32cube.ide.mcu.externaltools.gnu-tools-for-stm32.13.3.rel1.linux64_1.0.0.202410170706/tools/bin/../lib/gcc/arm-none-eabi/13.3.1/thumb/v7e-m+fp/hard/libgcc.a(_dvmd_tls.o)
                0x08000598                __aeabi_ldiv0
                0x08000598                __aeabi_idiv0
 *(.text*)
 .text.MX_GPIO_Init
                0x0800059c      0x100 ./Core/Src/main.o
 .text.MX_DMA_Init
                0x0800069c       0x34 ./Core/Src/main.o
 .text._write   0x080006d0       0x2c ./Core/Src/main.o
                0x080006d0                _write
 .text.HAL_GPIO_EXTI_Callback
                0x080006fc       0x64 ./Core/Src/main.o
                0x080006fc                HAL_GPIO_EXTI_Callback
 .text.Error_Handler
                0x08000760        0x4 ./Core/Src/main.o
                0x08000760                Error_Handler
 .text.MX_USART1_UART_Init
                0x08000764       0x3c ./Core/Src/main.o
 .text.MX_SPI3_Init
                0x080007a0       0x50 ./Core/Src/main.o
 .text.SystemClock_Config
                0x080007f0       0x7c ./Core/Src/main.o
                0x080007f0                SystemClock_Config
 .text.main     0x0800086c       0x80 ./Core/Src/main.o
                0x0800086c                main
 .text.HAL_MspInit
                0x080008ec       0x30 ./Core/Src/stm32l4xx_hal_msp.o
                0x080008ec                HAL_MspInit
 .text.HAL_SPI_MspInit
                0x0800091c       0xd0 ./Core/Src/stm32l4xx_hal_msp.o
                0x0800091c                HAL_SPI_MspInit
 .text.HAL_UART_MspInit
                0x080009ec       0x88 ./Core/Src/stm32l4xx_hal_msp.o
                0x080009ec                HAL_UART_MspInit
 .text.NMI_Handler
                0x08000a74        0x2 ./Core/Src/stm32l4xx_it.o
                0x08000a74                NMI_Handler
 .text.HardFault_Handler
                0x08000a76        0x2 ./Core/Src/stm32l4xx_it.o
                0x08000a76                HardFault_Handler
 .text.MemManage_Handler
                0x08000a78        0x2 ./Core/Src/stm32l4xx_it.o
                0x08000a78                MemManage_Handler
 .text.BusFault_Handler
                0x08000a7a        0x2 ./Core/Src/stm32l4xx_it.o
                0x08000a7a                BusFault_Handler
 .text.UsageFault_Handler
                0x08000a7c        0x2 ./Core/Src/stm32l4xx_it.o
                0x08000a7c                UsageFault_Handler
 .text.SVC_Handler
                0x08000a7e        0x2 ./Core/Src/stm32l4xx_it.o
                0x08000a7e                SVC_Handler
 .text.DebugMon_Handler
                0x08000a80        0x2 ./Core/Src/stm32l4xx_it.o
                0x08000a80                DebugMon_Handler
 .text.PendSV_Handler
                0x08000a82        0x2 ./Core/Src/stm32l4xx_it.o
                0x08000a82                PendSV_Handler
 .text.SysTick_Handler
                0x08000a84        0x8 ./Core/Src/stm32l4xx_it.o
                0x08000a84                SysTick_Handler
 .text.EXTI0_IRQHandler
                0x08000a8c        0xa ./Core/Src/stm32l4xx_it.o
                0x08000a8c                EXTI0_IRQHandler
 .text.EXTI1_IRQHandler
                0x08000a96        0xa ./Core/Src/stm32l4xx_it.o
                0x08000a96                EXTI1_IRQHandler
 .text.EXTI15_10_IRQHandler
                0x08000aa0       0x14 ./Core/Src/stm32l4xx_it.o
                0x08000aa0                EXTI15_10_IRQHandler
 .text.SPI3_IRQHandler
                0x08000ab4       0x10 ./Core/Src/stm32l4xx_it.o
                0x08000ab4                SPI3_IRQHandler
 .text.DMA2_Channel2_IRQHandler
                0x08000ac4       0x10 ./Core/Src/stm32l4xx_it.o
                0x08000ac4                DMA2_Channel2_IRQHandler
 .text._read    0x08000ad4       0x20 ./Core/Src/syscalls.o
                0x08000ad4                _read
 .text._close   0x08000af4        0x6 ./Core/Src/syscalls.o
                0x08000af4                _close
 .text._fstat   0x08000afa        0xa ./Core/Src/syscalls.o
                0x08000afa                _fstat
 .text._isatty  0x08000b04        0x4 ./Core/Src/syscalls.o
                0x08000b04                _isatty
 .text._lseek   0x08000b08        0x4 ./Core/Src/syscalls.o
                0x08000b08                _lseek
 .text._sbrk    0x08000b0c       0x48 ./Core/Src/sysmem.o
                0x08000b0c                _sbrk
 .text.SystemInit
                0x08000b54       0x14 ./Core/Src/system_stm32l4xx.o
                0x08000b54                SystemInit
 .text.Reset_Handler
                0x08000b68       0x50 ./Core/Startup/startup_stm32l432kcux.o
                0x08000b68                Reset_Handler
 .text.Default_Handler
                0x08000bb8        0x2 ./Core/Startup/startup_stm32l432kcux.o
                0x08000bb8                RTC_Alarm_IRQHandler
                0x08000bb8                EXTI2_IRQHandler
                0x08000bb8                TIM1_CC_IRQHandler
                0x08000bb8                TSC_IRQHandler
                0x08000bb8                TAMP_STAMP_IRQHandler
                0x08000bb8                EXTI3_IRQHandler
                0x08000bb8                LPTIM2_IRQHandler
                0x08000bb8                I2C3_ER_IRQHandler
                0x08000bb8                CAN1_RX0_IRQHandler
                0x08000bb8                FPU_IRQHandler
                0x08000bb8                TIM1_UP_TIM16_IRQHandler
                0x08000bb8                SPI1_IRQHandler
                0x08000bb8                TIM6_DAC_IRQHandler
                0x08000bb8                DMA1_Channel4_IRQHandler
                0x08000bb8                ADC1_IRQHandler
                0x08000bb8                DMA1_Channel7_IRQHandler
                0x08000bb8                CAN1_RX1_IRQHandler
                0x08000bb8                DMA2_Channel1_IRQHandler
                0x08000bb8                QUADSPI_IRQHandler
                0x08000bb8                I2C1_EV_IRQHandler
                0x08000bb8                DMA1_Channel6_IRQHandler
                0x08000bb8                DMA2_Channel4_IRQHandler
                0x08000bb8                RCC_IRQHandler
                0x08000bb8                TIM1_TRG_COM_IRQHandler
                0x08000bb8                DMA1_Channel1_IRQHandler
                0x08000bb8                Default_Handler
                0x08000bb8                DMA2_Channel7_IRQHandler
                0x08000bb8                TIM7_IRQHandler
                0x08000bb8                I2C3_EV_IRQHandler
                0x08000bb8                USB_IRQHandler
                0x08000bb8                EXTI9_5_IRQHandler
                0x08000bb8                RTC_WKUP_IRQHandler
                0x08000bb8                PVD_PVM_IRQHandler
                0x08000bb8                CAN1_TX_IRQHandler
                0x08000bb8                DMA2_Channel5_IRQHandler
                0x08000bb8                CRS_IRQHandler
                0x08000bb8                DMA1_Channel5_IRQHandler
                0x08000bb8                EXTI4_IRQHandler
                0x08000bb8                RNG_IRQHandler
                0x08000bb8                DMA1_Channel3_IRQHandler
                0x08000bb8                COMP_IRQHandler
                0x08000bb8                WWDG_IRQHandler
                0x08000bb8                LPUART1_IRQHandler
                0x08000bb8                DMA2_Channel6_IRQHandler
                0x08000bb8                TIM2_IRQHandler
                0x08000bb8                USART2_IRQHandler
                0x08000bb8                DMA1_Channel2_IRQHandler
                0x08000bb8                CAN1_SCE_IRQHandler
                0x08000bb8                FLASH_IRQHandler
                0x08000bb8                USART1_IRQHandler
                0x08000bb8                I2C1_ER_IRQHandler
                0x08000bb8                SWPMI1_IRQHandler
                0x08000bb8                LPTIM1_IRQHandler
                0x08000bb8                SAI1_IRQHandler
                0x08000bb8                DMA2_Channel3_IRQHandler
                0x08000bb8                TIM1_BRK_TIM15_IRQHandler
 *fill*         0x08000bba        0x2 
 .text.HAL_InitTick
                0x08000bbc       0x50 ./Drivers/STM32L4xx_HAL_Driver/Src/stm32l4xx_hal.o
                0x08000bbc                HAL_InitTick
 .text.HAL_Init
                0x08000c0c       0x1e ./Drivers/STM32L4xx_HAL_Driver/Src/stm32l4xx_hal.o
                0x08000c0c                HAL_Init
 *fill*         0x08000c2a        0x2 
 .text.HAL_IncTick
                0x08000c2c       0x18 ./Drivers/STM32L4xx_HAL_Driver/Src/stm32l4xx_hal.o
                0x08000c2c                HAL_IncTick
 .text.HAL_GetTick
                0x08000c44        0xc ./Drivers/STM32L4xx_HAL_Driver/Src/stm32l4xx_hal.o
                0x08000c44                HAL_GetTick
 .text.HAL_Delay
                0x08000c50       0x28 ./Drivers/STM32L4xx_HAL_Driver/Src/stm32l4xx_hal.o
                0x08000c50                HAL_Delay
 .text.__NVIC_EnableIRQ
                0x08000c78       0x1c ./Drivers/STM32L4xx_HAL_Driver/Src/stm32l4xx_hal_cortex.o
 .text.__NVIC_SetPriority
                0x08000c94       0x28 ./Drivers/STM32L4xx_HAL_Driver/Src/stm32l4xx_hal_cortex.o
 .text.NVIC_EncodePriority
                0x08000cbc       0x3e ./Drivers/STM32L4xx_HAL_Driver/Src/stm32l4xx_hal_cortex.o
 *fill*         0x08000cfa        0x2 
 .text.HAL_NVIC_SetPriorityGrouping
                0x08000cfc       0x24 ./Drivers/STM32L4xx_HAL_Driver/Src/stm32l4xx_hal_cortex.o
                0x08000cfc                HAL_NVIC_SetPriorityGrouping
 .text.HAL_NVIC_SetPriority
                0x08000d20       0x20 ./Drivers/STM32L4xx_HAL_Driver/Src/stm32l4xx_hal_cortex.o
                0x08000d20                HAL_NVIC_SetPriority
 .text.HAL_NVIC_EnableIRQ
                0x08000d40        0x8 ./Drivers/STM32L4xx_HAL_Driver/Src/stm32l4xx_hal_cortex.o
                0x08000d40                HAL_NVIC_EnableIRQ
 .text.HAL_SYSTICK_Config
                0x08000d48       0x28 ./Drivers/STM32L4xx_HAL_Driver/Src/stm32l4xx_hal_cortex.o
                0x08000d48                HAL_SYSTICK_Config
 .text.DMA_SetConfig
                0x08000d70       0x32 ./Drivers/STM32L4xx_HAL_Driver/Src/stm32l4xx_hal_dma.o
 *fill*         0x08000da2        0x2 
 .text.HAL_DMA_Init
                0x08000da4      0x104 ./Drivers/STM32L4xx_HAL_Driver/Src/stm32l4xx_hal_dma.o
                0x08000da4                HAL_DMA_Init
 .text.HAL_DMA_Start_IT
                0x08000ea8       0x76 ./Drivers/STM32L4xx_HAL_Driver/Src/stm32l4xx_hal_dma.o
                0x08000ea8                HAL_DMA_Start_IT
 .text.HAL_DMA_Abort_IT
                0x08000f1e       0x50 ./Drivers/STM32L4xx_HAL_Driver/Src/stm32l4xx_hal_dma.o
                0x08000f1e                HAL_DMA_Abort_IT
 .text.HAL_DMA_IRQHandler
                0x08000f6e       0xc4 ./Drivers/STM32L4xx_HAL_Driver/Src/stm32l4xx_hal_dma.o
                0x08000f6e                HAL_DMA_IRQHandler
 *fill*         0x08001032        0x2 
 .text.HAL_GPIO_Init
                0x08001034      0x1b0 ./Drivers/STM32L4xx_HAL_Driver/Src/stm32l4xx_hal_gpio.o
                0x08001034                HAL_GPIO_Init
 .text.HAL_GPIO_WritePin
                0x080011e4        0xa ./Drivers/STM32L4xx_HAL_Driver/Src/stm32l4xx_hal_gpio.o
                0x080011e4                HAL_GPIO_WritePin
 *fill*         0x080011ee        0x2 
 .text.HAL_GPIO_EXTI_IRQHandler
                0x080011f0       0x1c ./Drivers/STM32L4xx_HAL_Driver/Src/stm32l4xx_hal_gpio.o
                0x080011f0                HAL_GPIO_EXTI_IRQHandler
 .text.HAL_PWREx_GetVoltageRange
                0x0800120c       0x10 ./Drivers/STM32L4xx_HAL_Driver/Src/stm32l4xx_hal_pwr_ex.o
                0x0800120c                HAL_PWREx_GetVoltageRange
 .text.HAL_PWREx_ControlVoltageScaling
                0x0800121c       0x90 ./Drivers/STM32L4xx_HAL_Driver/Src/stm32l4xx_hal_pwr_ex.o
                0x0800121c                HAL_PWREx_ControlVoltageScaling
 .text.RCC_SetFlashLatencyFromMSIRange
                0x080012ac       0x90 ./Drivers/STM32L4xx_HAL_Driver/Src/stm32l4xx_hal_rcc.o
 .text.HAL_RCC_GetSysClockFreq
                0x0800133c       0xa8 ./Drivers/STM32L4xx_HAL_Driver/Src/stm32l4xx_hal_rcc.o
                0x0800133c                HAL_RCC_GetSysClockFreq
 .text.HAL_RCC_OscConfig
                0x080013e4      0x66c ./Drivers/STM32L4xx_HAL_Driver/Src/stm32l4xx_hal_rcc.o
                0x080013e4                HAL_RCC_OscConfig
 .text.HAL_RCC_ClockConfig
                0x08001a50      0x188 ./Drivers/STM32L4xx_HAL_Driver/Src/stm32l4xx_hal_rcc.o
                0x08001a50                HAL_RCC_ClockConfig
 .text.HAL_RCC_GetHCLKFreq
                0x08001bd8        0xc ./Drivers/STM32L4xx_HAL_Driver/Src/stm32l4xx_hal_rcc.o
                0x08001bd8                HAL_RCC_GetHCLKFreq
 .text.HAL_RCC_GetPCLK1Freq
                0x08001be4       0x24 ./Drivers/STM32L4xx_HAL_Driver/Src/stm32l4xx_hal_rcc.o
                0x08001be4                HAL_RCC_GetPCLK1Freq
 .text.HAL_RCC_GetPCLK2Freq
                0x08001c08       0x24 ./Drivers/STM32L4xx_HAL_Driver/Src/stm32l4xx_hal_rcc.o
                0x08001c08                HAL_RCC_GetPCLK2Freq
 .text.RCCEx_PLLSAI1_Config
                0x08001c2c      0x170 ./Drivers/STM32L4xx_HAL_Driver/Src/stm32l4xx_hal_rcc_ex.o
 .text.HAL_RCCEx_PeriphCLKConfig
                0x08001d9c      0x2e8 ./Drivers/STM32L4xx_HAL_Driver/Src/stm32l4xx_hal_rcc_ex.o
                0x08001d9c                HAL_RCCEx_PeriphCLKConfig
 .text.SPI_WaitFlagStateUntilTimeout
                0x08002084       0xc8 ./Drivers/STM32L4xx_HAL_Driver/Src/stm32l4xx_hal_spi.o
 .text.SPI_WaitFifoStateUntilTimeout
                0x0800214c       0xf0 ./Drivers/STM32L4xx_HAL_Driver/Src/stm32l4xx_hal_spi.o
 .text.SPI_EndRxTxTransaction
                0x0800223c       0x62 ./Drivers/STM32L4xx_HAL_Driver/Src/stm32l4xx_hal_spi.o
 .text.HAL_SPI_Init
                0x0800229e       0xde ./Drivers/STM32L4xx_HAL_Driver/Src/stm32l4xx_hal_spi.o
                0x0800229e                HAL_SPI_Init
 .text.HAL_SPI_Transmit
                0x0800237c      0x20a ./Drivers/STM32L4xx_HAL_Driver/Src/stm32l4xx_hal_spi.o
                0x0800237c                HAL_SPI_Transmit
 *fill*         0x08002586        0x2 
 .text.HAL_SPI_Transmit_DMA
                0x08002588      0x13c ./Drivers/STM32L4xx_HAL_Driver/Src/stm32l4xx_hal_spi.o
                0x08002588                HAL_SPI_Transmit_DMA
 .text.HAL_SPI_TxCpltCallback
                0x080026c4        0x2 ./Drivers/STM32L4xx_HAL_Driver/Src/stm32l4xx_hal_spi.o
                0x080026c4                HAL_SPI_TxCpltCallback
 .text.HAL_SPI_TxHalfCpltCallback
                0x080026c6        0x2 ./Drivers/STM32L4xx_HAL_Driver/Src/stm32l4xx_hal_spi.o
                0x080026c6                HAL_SPI_TxHalfCpltCallback
 .text.SPI_DMAHalfTransmitCplt
                0x080026c8        0xa ./Drivers/STM32L4xx_HAL_Driver/Src/stm32l4xx_hal_spi.o
 .text.HAL_SPI_ErrorCallback
                0x080026d2        0x2 ./Drivers/STM32L4xx_HAL_Driver/Src/stm32l4xx_hal_spi.o
                0x080026d2                HAL_SPI_ErrorCallback
 .text.SPI_DMAError
                0x080026d4       0x22 ./Drivers/STM32L4xx_HAL_Driver/Src/stm32l4xx_hal_spi.o
 .text.SPI_DMATransmitCplt
                0x080026f6       0x70 ./Drivers/STM32L4xx_HAL_Driver/Src/stm32l4xx_hal_spi.o
 *fill*         0x08002766        0x2 
 .text.HAL_SPI_IRQHandler
                0x08002768      0x124 ./Drivers/STM32L4xx_HAL_Driver/Src/stm32l4xx_hal_spi.o
                0x08002768                HAL_SPI_IRQHandler
 .text.SPI_DMAAbortOnError
                0x0800288c       0x12 ./Drivers/STM32L4xx_HAL_Driver/Src/stm32l4xx_hal_spi.o
 .text.UART_EndRxTransfer
                0x0800289e       0x52 ./Drivers/STM32L4xx_HAL_Driver/Src/stm32l4xx_hal_uart.o
 .text.UART_SetConfig
                0x080028f0      0x260 ./Drivers/STM32L4xx_HAL_Driver/Src/stm32l4xx_hal_uart.o
                0x080028f0                UART_SetConfig
 .text.UART_AdvFeatureConfig
                0x08002b50       0xca ./Drivers/STM32L4xx_HAL_Driver/Src/stm32l4xx_hal_uart.o
                0x08002b50                UART_AdvFeatureConfig
 .text.UART_WaitOnFlagUntilTimeout
                0x08002c1a       0x9e ./Drivers/STM32L4xx_HAL_Driver/Src/stm32l4xx_hal_uart.o
                0x08002c1a                UART_WaitOnFlagUntilTimeout
 .text.HAL_UART_Transmit
                0x08002cb8       0xc8 ./Drivers/STM32L4xx_HAL_Driver/Src/stm32l4xx_hal_uart.o
                0x08002cb8                HAL_UART_Transmit
 .text.UART_CheckIdleState
                0x08002d80       0xc6 ./Drivers/STM32L4xx_HAL_Driver/Src/stm32l4xx_hal_uart.o
                0x08002d80                UART_CheckIdleState
 .text.HAL_UART_Init
                0x08002e46       0x62 ./Drivers/STM32L4xx_HAL_Driver/Src/stm32l4xx_hal_uart.o
                0x08002e46                HAL_UART_Init
 .text.ST7789_WriteCommand
                0x08002ea8       0x44 ./st7789/st7789.o
 .text.ST7789_WriteSmallData
                0x08002eec       0x44 ./st7789/st7789.o
 .text.ST7789_WriteData
                0x08002f30       0x78 ./st7789/st7789.o
 .text.ST7789_SetAddressWindow
                0x08002fa8       0x88 ./st7789/st7789.o
 .text.ST7789_SetRotation
                0x08003030       0x36 ./st7789/st7789.o
                0x08003030                ST7789_SetRotation
 *fill*         0x08003066        0x2 
 .text.ST7789_Fill_Color
                0x08003068       0x60 ./st7789/st7789.o
                0x08003068                ST7789_Fill_Color
 .text.ST7789_Init
                0x080030c8      0x138 ./st7789/st7789.o
                0x080030c8                ST7789_Init
 .text.ST7789_DrawPixel
                0x08003200       0x4c ./st7789/st7789.o
                0x08003200                ST7789_DrawPixel
 .text.ST7789_DrawLine
                0x0800324c       0xae ./st7789/st7789.o
                0x0800324c                ST7789_DrawLine
 *fill*         0x080032fa        0x2 
 .text.ST7789_DrawRectangle
                0x080032fc       0x74 ./st7789/st7789.o
                0x080032fc                ST7789_DrawRectangle
 .text.ST7789_DrawCircle
                0x08003370      0x150 ./st7789/st7789.o
                0x08003370                ST7789_DrawCircle
 .text.ST7789_WriteChar
                0x080034c0       0xb4 ./st7789/st7789.o
                0x080034c0                ST7789_WriteChar
 .text.ST7789_WriteString
                0x08003574       0x84 ./st7789/st7789.o
                0x08003574                ST7789_WriteString
 .text.ST7789_DrawFilledRectangle
                0x080035f8       0x78 ./st7789/st7789.o
                0x080035f8                ST7789_DrawFilledRectangle
 .text.ST7789_DrawTriangle
                0x08003670       0x6c ./st7789/st7789.o
                0x08003670                ST7789_DrawTriangle
 .text.ST7789_DrawFilledTriangle
                0x080036dc      0x108 ./st7789/st7789.o
                0x080036dc                ST7789_DrawFilledTriangle
 .text.ST7789_DrawFilledCircle
                0x080037e4      0x140 ./st7789/st7789.o
                0x080037e4                ST7789_DrawFilledCircle
 .text.ST7789_Test
                0x08003924      0x2e8 ./st7789/st7789.o
                0x08003924                ST7789_Test
 .text.std      0x08003c0c       0x6c /home/lth/st/stm32cubeide_1.19.0/plugins/com.st.stm32cube.ide.mcu.externaltools.gnu-tools-for-stm32.13.3.rel1.linux64_1.0.0.202410170706/tools/bin/../lib/gcc/arm-none-eabi/13.3.1/../../../../arm-none-eabi/lib/thumb/v7e-m+fp/hard/libc_nano.a(libc_a-findfp.o)
 .text.stdio_exit_handler
                0x08003c78       0x18 /home/lth/st/stm32cubeide_1.19.0/plugins/com.st.stm32cube.ide.mcu.externaltools.gnu-tools-for-stm32.13.3.rel1.linux64_1.0.0.202410170706/tools/bin/../lib/gcc/arm-none-eabi/13.3.1/../../../../arm-none-eabi/lib/thumb/v7e-m+fp/hard/libc_nano.a(libc_a-findfp.o)
 .text.cleanup_stdio
                0x08003c90       0x40 /home/lth/st/stm32cubeide_1.19.0/plugins/com.st.stm32cube.ide.mcu.externaltools.gnu-tools-for-stm32.13.3.rel1.linux64_1.0.0.202410170706/tools/bin/../lib/gcc/arm-none-eabi/13.3.1/../../../../arm-none-eabi/lib/thumb/v7e-m+fp/hard/libc_nano.a(libc_a-findfp.o)
 .text.global_stdio_init.part.0
                0x08003cd0       0x3c /home/lth/st/stm32cubeide_1.19.0/plugins/com.st.stm32cube.ide.mcu.externaltools.gnu-tools-for-stm32.13.3.rel1.linux64_1.0.0.202410170706/tools/bin/../lib/gcc/arm-none-eabi/13.3.1/../../../../arm-none-eabi/lib/thumb/v7e-m+fp/hard/libc_nano.a(libc_a-findfp.o)
 .text.__sfp_lock_acquire
                0x08003d0c        0xc /home/lth/st/stm32cubeide_1.19.0/plugins/com.st.stm32cube.ide.mcu.externaltools.gnu-tools-for-stm32.13.3.rel1.linux64_1.0.0.202410170706/tools/bin/../lib/gcc/arm-none-eabi/13.3.1/../../../../arm-none-eabi/lib/thumb/v7e-m+fp/hard/libc_nano.a(libc_a-findfp.o)
                0x08003d0c                __sfp_lock_acquire
 .text.__sfp_lock_release
                0x08003d18        0xc /home/lth/st/stm32cubeide_1.19.0/plugins/com.st.stm32cube.ide.mcu.externaltools.gnu-tools-for-stm32.13.3.rel1.linux64_1.0.0.202410170706/tools/bin/../lib/gcc/arm-none-eabi/13.3.1/../../../../arm-none-eabi/lib/thumb/v7e-m+fp/hard/libc_nano.a(libc_a-findfp.o)
                0x08003d18                __sfp_lock_release
 .text.__sinit  0x08003d24       0x30 /home/lth/st/stm32cubeide_1.19.0/plugins/com.st.stm32cube.ide.mcu.externaltools.gnu-tools-for-stm32.13.3.rel1.linux64_1.0.0.202410170706/tools/bin/../lib/gcc/arm-none-eabi/13.3.1/../../../../arm-none-eabi/lib/thumb/v7e-m+fp/hard/libc_nano.a(libc_a-findfp.o)
                0x08003d24                __sinit
 .text._fwalk_sglue
                0x08003d54       0x3c /home/lth/st/stm32cubeide_1.19.0/plugins/com.st.stm32cube.ide.mcu.externaltools.gnu-tools-for-stm32.13.3.rel1.linux64_1.0.0.202410170706/tools/bin/../lib/gcc/arm-none-eabi/13.3.1/../../../../arm-none-eabi/lib/thumb/v7e-m+fp/hard/libc_nano.a(libc_a-fwalk.o)
                0x08003d54                _fwalk_sglue
 .text.printf   0x08003d90       0x24 /home/lth/st/stm32cubeide_1.19.0/plugins/com.st.stm32cube.ide.mcu.externaltools.gnu-tools-for-stm32.13.3.rel1.linux64_1.0.0.202410170706/tools/bin/../lib/gcc/arm-none-eabi/13.3.1/../../../../arm-none-eabi/lib/thumb/v7e-m+fp/hard/libc_nano.a(libc_a-printf.o)
                0x08003d90                printf
                0x08003d90                iprintf
 .text._puts_r  0x08003db4       0xaa /home/lth/st/stm32cubeide_1.19.0/plugins/com.st.stm32cube.ide.mcu.externaltools.gnu-tools-for-stm32.13.3.rel1.linux64_1.0.0.202410170706/tools/bin/../lib/gcc/arm-none-eabi/13.3.1/../../../../arm-none-eabi/lib/thumb/v7e-m+fp/hard/libc_nano.a(libc_a-puts.o)
                0x08003db4                _puts_r
 *fill*         0x08003e5e        0x2 
 .text.puts     0x08003e60       0x10 /home/lth/st/stm32cubeide_1.19.0/plugins/com.st.stm32cube.ide.mcu.externaltools.gnu-tools-for-stm32.13.3.rel1.linux64_1.0.0.202410170706/tools/bin/../lib/gcc/arm-none-eabi/13.3.1/../../../../arm-none-eabi/lib/thumb/v7e-m+fp/hard/libc_nano.a(libc_a-puts.o)
                0x08003e60                puts
 .text.__sread  0x08003e70       0x22 /home/lth/st/stm32cubeide_1.19.0/plugins/com.st.stm32cube.ide.mcu.externaltools.gnu-tools-for-stm32.13.3.rel1.linux64_1.0.0.202410170706/tools/bin/../lib/gcc/arm-none-eabi/13.3.1/../../../../arm-none-eabi/lib/thumb/v7e-m+fp/hard/libc_nano.a(libc_a-stdio.o)
                0x08003e70                __sread
 .text.__swrite
                0x08003e92       0x38 /home/lth/st/stm32cubeide_1.19.0/plugins/com.st.stm32cube.ide.mcu.externaltools.gnu-tools-for-stm32.13.3.rel1.linux64_1.0.0.202410170706/tools/bin/../lib/gcc/arm-none-eabi/13.3.1/../../../../arm-none-eabi/lib/thumb/v7e-m+fp/hard/libc_nano.a(libc_a-stdio.o)
                0x08003e92                __swrite
 .text.__sseek  0x08003eca       0x24 /home/lth/st/stm32cubeide_1.19.0/plugins/com.st.stm32cube.ide.mcu.externaltools.gnu-tools-for-stm32.13.3.rel1.linux64_1.0.0.202410170706/tools/bin/../lib/gcc/arm-none-eabi/13.3.1/../../../../arm-none-eabi/lib/thumb/v7e-m+fp/hard/libc_nano.a(libc_a-stdio.o)
                0x08003eca                __sseek
 .text.__sclose
                0x08003eee        0x8 /home/lth/st/stm32cubeide_1.19.0/plugins/com.st.stm32cube.ide.mcu.externaltools.gnu-tools-for-stm32.13.3.rel1.linux64_1.0.0.202410170706/tools/bin/../lib/gcc/arm-none-eabi/13.3.1/../../../../arm-none-eabi/lib/thumb/v7e-m+fp/hard/libc_nano.a(libc_a-stdio.o)
                0x08003eee                __sclose
 .text.__swbuf_r
                0x08003ef6       0x7c /home/lth/st/stm32cubeide_1.19.0/plugins/com.st.stm32cube.ide.mcu.externaltools.gnu-tools-for-stm32.13.3.rel1.linux64_1.0.0.202410170706/tools/bin/../lib/gcc/arm-none-eabi/13.3.1/../../../../arm-none-eabi/lib/thumb/v7e-m+fp/hard/libc_nano.a(libc_a-wbuf.o)
                0x08003ef6                __swbuf_r
 *fill*         0x08003f72        0x2 
 .text.__swsetup_r
                0x08003f74       0xac /home/lth/st/stm32cubeide_1.19.0/plugins/com.st.stm32cube.ide.mcu.externaltools.gnu-tools-for-stm32.13.3.rel1.linux64_1.0.0.202410170706/tools/bin/../lib/gcc/arm-none-eabi/13.3.1/../../../../arm-none-eabi/lib/thumb/v7e-m+fp/hard/libc_nano.a(libc_a-wsetup.o)
                0x08003f74                __swsetup_r
 .text.memset   0x08004020       0x10 /home/lth/st/stm32cubeide_1.19.0/plugins/com.st.stm32cube.ide.mcu.externaltools.gnu-tools-for-stm32.13.3.rel1.linux64_1.0.0.202410170706/tools/bin/../lib/gcc/arm-none-eabi/13.3.1/../../../../arm-none-eabi/lib/thumb/v7e-m+fp/hard/libc_nano.a(libc_a-memset.o)
                0x08004020                memset
 .text._close_r
                0x08004030       0x20 /home/lth/st/stm32cubeide_1.19.0/plugins/com.st.stm32cube.ide.mcu.externaltools.gnu-tools-for-stm32.13.3.rel1.linux64_1.0.0.202410170706/tools/bin/../lib/gcc/arm-none-eabi/13.3.1/../../../../arm-none-eabi/lib/thumb/v7e-m+fp/hard/libc_nano.a(libc_a-closer.o)
                0x08004030                _close_r
 .text._lseek_r
                0x08004050       0x24 /home/lth/st/stm32cubeide_1.19.0/plugins/com.st.stm32cube.ide.mcu.externaltools.gnu-tools-for-stm32.13.3.rel1.linux64_1.0.0.202410170706/tools/bin/../lib/gcc/arm-none-eabi/13.3.1/../../../../arm-none-eabi/lib/thumb/v7e-m+fp/hard/libc_nano.a(libc_a-lseekr.o)
                0x08004050                _lseek_r
 .text._read_r  0x08004074       0x24 /home/lth/st/stm32cubeide_1.19.0/plugins/com.st.stm32cube.ide.mcu.externaltools.gnu-tools-for-stm32.13.3.rel1.linux64_1.0.0.202410170706/tools/bin/../lib/gcc/arm-none-eabi/13.3.1/../../../../arm-none-eabi/lib/thumb/v7e-m+fp/hard/libc_nano.a(libc_a-readr.o)
                0x08004074                _read_r
 .text._write_r
                0x08004098       0x24 /home/lth/st/stm32cubeide_1.19.0/plugins/com.st.stm32cube.ide.mcu.externaltools.gnu-tools-for-stm32.13.3.rel1.linux64_1.0.0.202410170706/tools/bin/../lib/gcc/arm-none-eabi/13.3.1/../../../../arm-none-eabi/lib/thumb/v7e-m+fp/hard/libc_nano.a(libc_a-writer.o)
                0x08004098                _write_r
 .text.__errno  0x080040bc        0xc /home/lth/st/stm32cubeide_1.19.0/plugins/com.st.stm32cube.ide.mcu.externaltools.gnu-tools-for-stm32.13.3.rel1.linux64_1.0.0.202410170706/tools/bin/../lib/gcc/arm-none-eabi/13.3.1/../../../../arm-none-eabi/lib/thumb/v7e-m+fp/hard/libc_nano.a(libc_a-errno.o)
                0x080040bc                __errno
 .text.__libc_init_array
                0x080040c8       0x48 /home/lth/st/stm32cubeide_1.19.0/plugins/com.st.stm32cube.ide.mcu.externaltools.gnu-tools-for-stm32.13.3.rel1.linux64_1.0.0.202410170706/tools/bin/../lib/gcc/arm-none-eabi/13.3.1/../../../../arm-none-eabi/lib/thumb/v7e-m+fp/hard/libc_nano.a(libc_a-init.o)
                0x080040c8                __libc_init_array
 .text.__retarget_lock_init_recursive
                0x08004110        0x2 /home/lth/st/stm32cubeide_1.19.0/plugins/com.st.stm32cube.ide.mcu.externaltools.gnu-tools-for-stm32.13.3.rel1.linux64_1.0.0.202410170706/tools/bin/../lib/gcc/arm-none-eabi/13.3.1/../../../../arm-none-eabi/lib/thumb/v7e-m+fp/hard/libc_nano.a(libc_a-lock.o)
                0x08004110                __retarget_lock_init_recursive
 .text.__retarget_lock_acquire_recursive
                0x08004112        0x2 /home/lth/st/stm32cubeide_1.19.0/plugins/com.st.stm32cube.ide.mcu.externaltools.gnu-tools-for-stm32.13.3.rel1.linux64_1.0.0.202410170706/tools/bin/../lib/gcc/arm-none-eabi/13.3.1/../../../../arm-none-eabi/lib/thumb/v7e-m+fp/hard/libc_nano.a(libc_a-lock.o)
                0x08004112                __retarget_lock_acquire_recursive
 .text.__retarget_lock_release_recursive
                0x08004114        0x2 /home/lth/st/stm32cubeide_1.19.0/plugins/com.st.stm32cube.ide.mcu.externaltools.gnu-tools-for-stm32.13.3.rel1.linux64_1.0.0.202410170706/tools/bin/../lib/gcc/arm-none-eabi/13.3.1/../../../../arm-none-eabi/lib/thumb/v7e-m+fp/hard/libc_nano.a(libc_a-lock.o)
                0x08004114                __retarget_lock_release_recursive
 *fill*         0x08004116        0x2 
 .text._free_r  0x08004118       0x94 /home/lth/st/stm32cubeide_1.19.0/plugins/com.st.stm32cube.ide.mcu.externaltools.gnu-tools-for-stm32.13.3.rel1.linux64_1.0.0.202410170706/tools/bin/../lib/gcc/arm-none-eabi/13.3.1/../../../../arm-none-eabi/lib/thumb/v7e-m+fp/hard/libc_nano.a(libc_a-freer.o)
                0x08004118                _free_r
 .text.sbrk_aligned
                0x080041ac       0x44 /home/lth/st/stm32cubeide_1.19.0/plugins/com.st.stm32cube.ide.mcu.externaltools.gnu-tools-for-stm32.13.3.rel1.linux64_1.0.0.202410170706/tools/bin/../lib/gcc/arm-none-eabi/13.3.1/../../../../arm-none-eabi/lib/thumb/v7e-m+fp/hard/libc_nano.a(libc_a-mallocr.o)
 .text._malloc_r
                0x080041f0      0x100 /home/lth/st/stm32cubeide_1.19.0/plugins/com.st.stm32cube.ide.mcu.externaltools.gnu-tools-for-stm32.13.3.rel1.linux64_1.0.0.202410170706/tools/bin/../lib/gcc/arm-none-eabi/13.3.1/../../../../arm-none-eabi/lib/thumb/v7e-m+fp/hard/libc_nano.a(libc_a-mallocr.o)
                0x080041f0                _malloc_r
 .text.__malloc_lock
                0x080042f0        0xc /home/lth/st/stm32cubeide_1.19.0/plugins/com.st.stm32cube.ide.mcu.externaltools.gnu-tools-for-stm32.13.3.rel1.linux64_1.0.0.202410170706/tools/bin/../lib/gcc/arm-none-eabi/13.3.1/../../../../arm-none-eabi/lib/thumb/v7e-m+fp/hard/libc_nano.a(libc_a-mlock.o)
                0x080042f0                __malloc_lock
 .text.__malloc_unlock
                0x080042fc        0xc /home/lth/st/stm32cubeide_1.19.0/plugins/com.st.stm32cube.ide.mcu.externaltools.gnu-tools-for-stm32.13.3.rel1.linux64_1.0.0.202410170706/tools/bin/../lib/gcc/arm-none-eabi/13.3.1/../../../../arm-none-eabi/lib/thumb/v7e-m+fp/hard/libc_nano.a(libc_a-mlock.o)
                0x080042fc                __malloc_unlock
 .text.__sfputc_r
                0x08004308       0x2e /home/lth/st/stm32cubeide_1.19.0/plugins/com.st.stm32cube.ide.mcu.externaltools.gnu-tools-for-stm32.13.3.rel1.linux64_1.0.0.202410170706/tools/bin/../lib/gcc/arm-none-eabi/13.3.1/../../../../arm-none-eabi/lib/thumb/v7e-m+fp/hard/libc_nano.a(libc_a-nano-vfprintf.o)
 .text.__sfputs_r
                0x08004336       0x24 /home/lth/st/stm32cubeide_1.19.0/plugins/com.st.stm32cube.ide.mcu.externaltools.gnu-tools-for-stm32.13.3.rel1.linux64_1.0.0.202410170706/tools/bin/../lib/gcc/arm-none-eabi/13.3.1/../../../../arm-none-eabi/lib/thumb/v7e-m+fp/hard/libc_nano.a(libc_a-nano-vfprintf.o)
                0x08004336                __sfputs_r
 *fill*         0x0800435a        0x2 
 .text._vfprintf_r
                0x0800435c      0x230 /home/lth/st/stm32cubeide_1.19.0/plugins/com.st.stm32cube.ide.mcu.externaltools.gnu-tools-for-stm32.13.3.rel1.linux64_1.0.0.202410170706/tools/bin/../lib/gcc/arm-none-eabi/13.3.1/../../../../arm-none-eabi/lib/thumb/v7e-m+fp/hard/libc_nano.a(libc_a-nano-vfprintf.o)
                0x0800435c                _vfiprintf_r
                0x0800435c                _vfprintf_r
 .text._printf_common
                0x0800458c       0xda /home/lth/st/stm32cubeide_1.19.0/plugins/com.st.stm32cube.ide.mcu.externaltools.gnu-tools-for-stm32.13.3.rel1.linux64_1.0.0.202410170706/tools/bin/../lib/gcc/arm-none-eabi/13.3.1/../../../../arm-none-eabi/lib/thumb/v7e-m+fp/hard/libc_nano.a(libc_a-nano-vfprintf_i.o)
                0x0800458c                _printf_common
 *fill*         0x08004666        0x2 
 .text._printf_i
                0x08004668      0x23c /home/lth/st/stm32cubeide_1.19.0/plugins/com.st.stm32cube.ide.mcu.externaltools.gnu-tools-for-stm32.13.3.rel1.linux64_1.0.0.202410170706/tools/bin/../lib/gcc/arm-none-eabi/13.3.1/../../../../arm-none-eabi/lib/thumb/v7e-m+fp/hard/libc_nano.a(libc_a-nano-vfprintf_i.o)
                0x08004668                _printf_i
 .text.__sflush_r
                0x080048a4      0x108 /home/lth/st/stm32cubeide_1.19.0/plugins/com.st.stm32cube.ide.mcu.externaltools.gnu-tools-for-stm32.13.3.rel1.linux64_1.0.0.202410170706/tools/bin/../lib/gcc/arm-none-eabi/13.3.1/../../../../arm-none-eabi/lib/thumb/v7e-m+fp/hard/libc_nano.a(libc_a-fflush.o)
                0x080048a4                __sflush_r
 .text._fflush_r
                0x080049ac       0x50 /home/lth/st/stm32cubeide_1.19.0/plugins/com.st.stm32cube.ide.mcu.externaltools.gnu-tools-for-stm32.13.3.rel1.linux64_1.0.0.202410170706/tools/bin/../lib/gcc/arm-none-eabi/13.3.1/../../../../arm-none-eabi/lib/thumb/v7e-m+fp/hard/libc_nano.a(libc_a-fflush.o)
                0x080049ac                _fflush_r
 .text.__swhatbuf_r
                0x080049fc       0x4c /home/lth/st/stm32cubeide_1.19.0/plugins/com.st.stm32cube.ide.mcu.externaltools.gnu-tools-for-stm32.13.3.rel1.linux64_1.0.0.202410170706/tools/bin/../lib/gcc/arm-none-eabi/13.3.1/../../../../arm-none-eabi/lib/thumb/v7e-m+fp/hard/libc_nano.a(libc_a-makebuf.o)
                0x080049fc                __swhatbuf_r
 .text.__smakebuf_r
                0x08004a48       0x78 /home/lth/st/stm32cubeide_1.19.0/plugins/com.st.stm32cube.ide.mcu.externaltools.gnu-tools-for-stm32.13.3.rel1.linux64_1.0.0.202410170706/tools/bin/../lib/gcc/arm-none-eabi/13.3.1/../../../../arm-none-eabi/lib/thumb/v7e-m+fp/hard/libc_nano.a(libc_a-makebuf.o)
                0x08004a48                __smakebuf_r
 .text._fstat_r
                0x08004ac0       0x24 /home/lth/st/stm32cubeide_1.19.0/plugins/com.st.stm32cube.ide.mcu.externaltools.gnu-tools-for-stm32.13.3.rel1.linux64_1.0.0.202410170706/tools/bin/../lib/gcc/arm-none-eabi/13.3.1/../../../../arm-none-eabi/lib/thumb/v7e-m+fp/hard/libc_nano.a(libc_a-fstatr.o)
                0x08004ac0                _fstat_r
 .text._isatty_r
                0x08004ae4       0x20 /home/lth/st/stm32cubeide_1.19.0/plugins/com.st.stm32cube.ide.mcu.externaltools.gnu-tools-for-stm32.13.3.rel1.linux64_1.0.0.202410170706/tools/bin/../lib/gcc/arm-none-eabi/13.3.1/../../../../arm-none-eabi/lib/thumb/v7e-m+fp/hard/libc_nano.a(libc_a-isattyr.o)
                0x08004ae4                _isatty_r
 .text._sbrk_r  0x08004b04       0x20 /home/lth/st/stm32cubeide_1.19.0/plugins/com.st.stm32cube.ide.mcu.externaltools.gnu-tools-for-stm32.13.3.rel1.linux64_1.0.0.202410170706/tools/bin/../lib/gcc/arm-none-eabi/13.3.1/../../../../arm-none-eabi/lib/thumb/v7e-m+fp/hard/libc_nano.a(libc_a-sbrkr.o)
                0x08004b04                _sbrk_r
 *(.glue_7)
 .glue_7        0x08004b24        0x0 linker stubs
 *(.glue_7t)
 .glue_7t       0x08004b24        0x0 linker stubs
 *(.eh_frame)
 .eh_frame      0x08004b24        0x0 /home/lth/st/stm32cubeide_1.19.0/plugins/com.st.stm32cube.ide.mcu.externaltools.gnu-tools-for-stm32.13.3.rel1.linux64_1.0.0.202410170706/tools/bin/../lib/gcc/arm-none-eabi/13.3.1/thumb/v7e-m+fp/hard/crtbegin.o
 *(.init)
 .init          0x08004b24        0x4 /home/lth/st/stm32cubeide_1.19.0/plugins/com.st.stm32cube.ide.mcu.externaltools.gnu-tools-for-stm32.13.3.rel1.linux64_1.0.0.202410170706/tools/bin/../lib/gcc/arm-none-eabi/13.3.1/thumb/v7e-m+fp/hard/crti.o
                0x08004b24                _init
 .init          0x08004b28        0x8 /home/lth/st/stm32cubeide_1.19.0/plugins/com.st.stm32cube.ide.mcu.externaltools.gnu-tools-for-stm32.13.3.rel1.linux64_1.0.0.202410170706/tools/bin/../lib/gcc/arm-none-eabi/13.3.1/thumb/v7e-m+fp/hard/crtn.o
 *(.fini)
 .fini          0x08004b30        0x4 /home/lth/st/stm32cubeide_1.19.0/plugins/com.st.stm32cube.ide.mcu.externaltools.gnu-tools-for-stm32.13.3.rel1.linux64_1.0.0.202410170706/tools/bin/../lib/gcc/arm-none-eabi/13.3.1/thumb/v7e-m+fp/hard/crti.o
                0x08004b30                _fini
 .fini          0x08004b34        0x8 /home/lth/st/stm32cubeide_1.19.0/plugins/com.st.stm32cube.ide.mcu.externaltools.gnu-tools-for-stm32.13.3.rel1.linux64_1.0.0.202410170706/tools/bin/../lib/gcc/arm-none-eabi/13.3.1/thumb/v7e-m+fp/hard/crtn.o
                0x08004b3c                        . = ALIGN (0x4)
                0x08004b3c                        _etext = .

.vfp11_veneer   0x08004b3c        0x0
 .vfp11_veneer  0x08004b3c        0x0 linker stubs

.v4_bx          0x08004b3c        0x0
 .v4_bx         0x08004b3c        0x0 linker stubs

.iplt           0x08004b3c        0x0
 .iplt          0x08004b3c        0x0 /home/lth/st/stm32cubeide_1.19.0/plugins/com.st.stm32cube.ide.mcu.externaltools.gnu-tools-for-stm32.13.3.rel1.linux64_1.0.0.202410170706/tools/bin/../lib/gcc/arm-none-eabi/13.3.1/thumb/v7e-m+fp/hard/crtbegin.o

.rodata         0x08004b3c     0x29b8
                0x08004b3c                        . = ALIGN (0x4)
 *(.rodata)
 .rodata        0x08004b3c        0x5 ./st7789/st7789.o
 *(.rodata*)
 *fill*         0x08004b41        0x3 
 .rodata.HAL_GPIO_EXTI_Callback.str1.4
                0x08004b44      0x11f ./Core/Src/main.o
                                 0x36 (size before relaxing)
 .rodata.main.str1.4
                0x08004c63       0x57 ./Core/Src/main.o
 *fill*         0x08004c63        0x1 
 .rodata.MSIRangeTable
                0x08004c64       0x30 ./Core/Src/system_stm32l4xx.o
                0x08004c64                MSIRangeTable
 .rodata.APBPrescTable
                0x08004c94        0x8 ./Core/Src/system_stm32l4xx.o
                0x08004c94                APBPrescTable
 .rodata.AHBPrescTable
                0x08004c9c       0x10 ./Core/Src/system_stm32l4xx.o
                0x08004c9c                AHBPrescTable
 .rodata.Font16x26
                0x08004cac     0x134c ./st7789/fonts.o
 .rodata.Font11x18
                0x08005ff8      0xd5c ./st7789/fonts.o
 .rodata.Font7x10
                0x08006d54      0x76c ./st7789/fonts.o
 .rodata.ST7789_Init.str1.4
                0x080074c0       0x1f ./st7789/st7789.o
 .rodata.ST7789_Test.str1.4
                0x080074c0       0x6f ./st7789/st7789.o
 .rodata._vfprintf_r.str1.1
                0x080074c0       0x33 /home/lth/st/stm32cubeide_1.19.0/plugins/com.st.stm32cube.ide.mcu.externaltools.gnu-tools-for-stm32.13.3.rel1.linux64_1.0.0.202410170706/tools/bin/../lib/gcc/arm-none-eabi/13.3.1/../../../../arm-none-eabi/lib/thumb/v7e-m+fp/hard/libc_nano.a(libc_a-nano-vfprintf.o)
                                 0x11 (size before relaxing)
 .rodata._printf_i.str1.1
                0x080074f3       0x22 /home/lth/st/stm32cubeide_1.19.0/plugins/com.st.stm32cube.ide.mcu.externaltools.gnu-tools-for-stm32.13.3.rel1.linux64_1.0.0.202410170706/tools/bin/../lib/gcc/arm-none-eabi/13.3.1/../../../../arm-none-eabi/lib/thumb/v7e-m+fp/hard/libc_nano.a(libc_a-nano-vfprintf_i.o)
                0x08007530                        . = ALIGN (0x4)
 *fill*         0x080074f3        0x1 

.ARM.extab      0x080074f4        0x0
                0x080074f4                        . = ALIGN (0x4)
 *(.ARM.extab* .gnu.linkonce.armextab.*)
                0x080074f4                        . = ALIGN (0x4)

.ARM            0x080074f4        0x8
                0x080074f4                        . = ALIGN (0x4)
                0x080074f4                        __exidx_start = .
 *(.ARM.exidx*)
 .ARM.exidx     0x080074f4        0x8 /home/lth/st/stm32cubeide_1.19.0/plugins/com.st.stm32cube.ide.mcu.externaltools.gnu-tools-for-stm32.13.3.rel1.linux64_1.0.0.202410170706/tools/bin/../lib/gcc/arm-none-eabi/13.3.1/../../../../arm-none-eabi/lib/thumb/v7e-m+fp/hard/libc_nano.a(libc_a-memchr.o)
 .ARM.exidx     0x080074fc        0x0 /home/lth/st/stm32cubeide_1.19.0/plugins/com.st.stm32cube.ide.mcu.externaltools.gnu-tools-for-stm32.13.3.rel1.linux64_1.0.0.202410170706/tools/bin/../lib/gcc/arm-none-eabi/13.3.1/thumb/v7e-m+fp/hard/libgcc.a(_udivmoddi4.o)
                                  0x8 (size before relaxing)
                0x080074fc                        __exidx_end = .
                0x080074fc                        . = ALIGN (0x4)

.preinit_array  0x080074fc        0x0
                0x080074fc                        . = ALIGN (0x4)
                0x080074fc                        PROVIDE (__preinit_array_start = .)
 *(.preinit_array*)
                0x080074fc                        PROVIDE (__preinit_array_end = .)
                0x080074fc                        . = ALIGN (0x4)

.init_array     0x080074fc        0x4
                0x080074fc                        . = ALIGN (0x4)
                0x080074fc                        PROVIDE (__init_array_start = .)
 *(SORT_BY_NAME(.init_array.*))
 *(.init_array*)
 .init_array    0x080074fc        0x4 /home/lth/st/stm32cubeide_1.19.0/plugins/com.st.stm32cube.ide.mcu.externaltools.gnu-tools-for-stm32.13.3.rel1.linux64_1.0.0.202410170706/tools/bin/../lib/gcc/arm-none-eabi/13.3.1/thumb/v7e-m+fp/hard/crtbegin.o
                0x08007500                        PROVIDE (__init_array_end = .)
                0x08007500                        . = ALIGN (0x4)

.fini_array     0x08007500        0x4
                0x08007500                        . = ALIGN (0x4)
                [!provide]                        PROVIDE (__fini_array_start = .)
 *(SORT_BY_NAME(.fini_array.*))
 *(.fini_array*)
 .fini_array    0x08007500        0x4 /home/lth/st/stm32cubeide_1.19.0/plugins/com.st.stm32cube.ide.mcu.externaltools.gnu-tools-for-stm32.13.3.rel1.linux64_1.0.0.202410170706/tools/bin/../lib/gcc/arm-none-eabi/13.3.1/thumb/v7e-m+fp/hard/crtbegin.o
                [!provide]                        PROVIDE (__fini_array_end = .)
                0x08007504                        . = ALIGN (0x4)
                0x08007504                        _sidata = LOADADDR (.data)

.rel.dyn        0x08007504        0x0
 .rel.iplt      0x08007504        0x0 /home/lth/st/stm32cubeide_1.19.0/plugins/com.st.stm32cube.ide.mcu.externaltools.gnu-tools-for-stm32.13.3.rel1.linux64_1.0.0.202410170706/tools/bin/../lib/gcc/arm-none-eabi/13.3.1/thumb/v7e-m+fp/hard/crtbegin.o

.data           0x20000000       0x84 load address 0x08007504
                0x20000000                        . = ALIGN (0x4)
                0x20000000                        _sdata = .
 *(.data)
 *(.data*)
 .data.SystemCoreClock
                0x20000000        0x4 ./Core/Src/system_stm32l4xx.o
                0x20000000                SystemCoreClock
 .data.uwTickFreq
                0x20000004        0x1 ./Drivers/STM32L4xx_HAL_Driver/Src/stm32l4xx_hal.o
                0x20000004                uwTickFreq
 *fill*         0x20000005        0x3 
 .data.uwTickPrio
                0x20000008        0x4 ./Drivers/STM32L4xx_HAL_Driver/Src/stm32l4xx_hal.o
                0x20000008                uwTickPrio
 .data.Font_16x26
                0x2000000c        0x8 ./st7789/fonts.o
                0x2000000c                Font_16x26
 .data.Font_11x18
                0x20000014        0x8 ./st7789/fonts.o
                0x20000014                Font_11x18
 .data.Font_7x10
                0x2000001c        0x8 ./st7789/fonts.o
                0x2000001c                Font_7x10
 .data.DMA_MIN_SIZE
                0x20000024        0x2 ./st7789/st7789.o
                0x20000024                DMA_MIN_SIZE
 *fill*         0x20000026        0x2 
 .data.__sglue  0x20000028        0xc /home/lth/st/stm32cubeide_1.19.0/plugins/com.st.stm32cube.ide.mcu.externaltools.gnu-tools-for-stm32.13.3.rel1.linux64_1.0.0.202410170706/tools/bin/../lib/gcc/arm-none-eabi/13.3.1/../../../../arm-none-eabi/lib/thumb/v7e-m+fp/hard/libc_nano.a(libc_a-findfp.o)
                0x20000028                __sglue
 .data._impure_ptr
                0x20000034        0x4 /home/lth/st/stm32cubeide_1.19.0/plugins/com.st.stm32cube.ide.mcu.externaltools.gnu-tools-for-stm32.13.3.rel1.linux64_1.0.0.202410170706/tools/bin/../lib/gcc/arm-none-eabi/13.3.1/../../../../arm-none-eabi/lib/thumb/v7e-m+fp/hard/libc_nano.a(libc_a-impure.o)
                0x20000034                _impure_ptr
 .data._impure_data
                0x20000038       0x4c /home/lth/st/stm32cubeide_1.19.0/plugins/com.st.stm32cube.ide.mcu.externaltools.gnu-tools-for-stm32.13.3.rel1.linux64_1.0.0.202410170706/tools/bin/../lib/gcc/arm-none-eabi/13.3.1/../../../../arm-none-eabi/lib/thumb/v7e-m+fp/hard/libc_nano.a(libc_a-impure.o)
                0x20000038                _impure_data
 *(.RamFunc)
 *(.RamFunc*)
                0x20000084                        . = ALIGN (0x4)
                0x20000084                        _edata = .

.igot.plt       0x20000084        0x0 load address 0x08007588
 .igot.plt      0x20000084        0x0 /home/lth/st/stm32cubeide_1.19.0/plugins/com.st.stm32cube.ide.mcu.externaltools.gnu-tools-for-stm32.13.3.rel1.linux64_1.0.0.202410170706/tools/bin/../lib/gcc/arm-none-eabi/13.3.1/thumb/v7e-m+fp/hard/crtbegin.o
                0x20000084                        . = ALIGN (0x4)

.bss            0x20000084      0xc04 load address 0x08007588
                0x20000084                        _sbss = .
                0x20000084                        __bss_start__ = _sbss
 *(.bss)
 .bss           0x20000084       0x1c /home/lth/st/stm32cubeide_1.19.0/plugins/com.st.stm32cube.ide.mcu.externaltools.gnu-tools-for-stm32.13.3.rel1.linux64_1.0.0.202410170706/tools/bin/../lib/gcc/arm-none-eabi/13.3.1/thumb/v7e-m+fp/hard/crtbegin.o
 *(.bss*)
 .bss.huart1    0x200000a0       0x88 ./Core/Src/main.o
                0x200000a0                huart1
 .bss.hdma_spi3_tx
                0x20000128       0x48 ./Core/Src/main.o
                0x20000128                hdma_spi3_tx
 .bss.hspi3     0x20000170       0x64 ./Core/Src/main.o
                0x20000170                hspi3
 .bss.__sbrk_heap_end
                0x200001d4        0x4 ./Core/Src/sysmem.o
 .bss.uwTick    0x200001d8        0x4 ./Drivers/STM32L4xx_HAL_Driver/Src/stm32l4xx_hal.o
                0x200001d8                uwTick
 .bss.disp_buf  0x200001dc      0x960 ./st7789/st7789.o
                0x200001dc                disp_buf
 .bss.__sf      0x20000b3c      0x138 /home/lth/st/stm32cubeide_1.19.0/plugins/com.st.stm32cube.ide.mcu.externaltools.gnu-tools-for-stm32.13.3.rel1.linux64_1.0.0.202410170706/tools/bin/../lib/gcc/arm-none-eabi/13.3.1/../../../../arm-none-eabi/lib/thumb/v7e-m+fp/hard/libc_nano.a(libc_a-findfp.o)
                0x20000b3c                __sf
 .bss.__stdio_exit_handler
                0x20000c74        0x4 /home/lth/st/stm32cubeide_1.19.0/plugins/com.st.stm32cube.ide.mcu.externaltools.gnu-tools-for-stm32.13.3.rel1.linux64_1.0.0.202410170706/tools/bin/../lib/gcc/arm-none-eabi/13.3.1/../../../../arm-none-eabi/lib/thumb/v7e-m+fp/hard/libc_nano.a(libc_a-findfp.o)
                0x20000c74                __stdio_exit_handler
 .bss.errno     0x20000c78        0x4 /home/lth/st/stm32cubeide_1.19.0/plugins/com.st.stm32cube.ide.mcu.externaltools.gnu-tools-for-stm32.13.3.rel1.linux64_1.0.0.202410170706/tools/bin/../lib/gcc/arm-none-eabi/13.3.1/../../../../arm-none-eabi/lib/thumb/v7e-m+fp/hard/libc_nano.a(libc_a-reent.o)
                0x20000c78                errno
 .bss.__lock___malloc_recursive_mutex
                0x20000c7c        0x1 /home/lth/st/stm32cubeide_1.19.0/plugins/com.st.stm32cube.ide.mcu.externaltools.gnu-tools-for-stm32.13.3.rel1.linux64_1.0.0.202410170706/tools/bin/../lib/gcc/arm-none-eabi/13.3.1/../../../../arm-none-eabi/lib/thumb/v7e-m+fp/hard/libc_nano.a(libc_a-lock.o)
                0x20000c7c                __lock___malloc_recursive_mutex
 .bss.__lock___sfp_recursive_mutex
                0x20000c7d        0x1 /home/lth/st/stm32cubeide_1.19.0/plugins/com.st.stm32cube.ide.mcu.externaltools.gnu-tools-for-stm32.13.3.rel1.linux64_1.0.0.202410170706/tools/bin/../lib/gcc/arm-none-eabi/13.3.1/../../../../arm-none-eabi/lib/thumb/v7e-m+fp/hard/libc_nano.a(libc_a-lock.o)
                0x20000c7d                __lock___sfp_recursive_mutex
 *fill*         0x20000c7e        0x2 
 .bss.__malloc_sbrk_start
                0x20000c80        0x4 /home/lth/st/stm32cubeide_1.19.0/plugins/com.st.stm32cube.ide.mcu.externaltools.gnu-tools-for-stm32.13.3.rel1.linux64_1.0.0.202410170706/tools/bin/../lib/gcc/arm-none-eabi/13.3.1/../../../../arm-none-eabi/lib/thumb/v7e-m+fp/hard/libc_nano.a(libc_a-mallocr.o)
                0x20000c80                __malloc_sbrk_start
 .bss.__malloc_free_list
                0x20000c84        0x4 /home/lth/st/stm32cubeide_1.19.0/plugins/com.st.stm32cube.ide.mcu.externaltools.gnu-tools-for-stm32.13.3.rel1.linux64_1.0.0.202410170706/tools/bin/../lib/gcc/arm-none-eabi/13.3.1/../../../../arm-none-eabi/lib/thumb/v7e-m+fp/hard/libc_nano.a(libc_a-mallocr.o)
                0x20000c84                __malloc_free_list
 *(COMMON)
                0x20000c88                        . = ALIGN (0x4)
                0x20000c88                        _ebss = .
                0x20000c88                        __bss_end__ = _ebss

._user_heap_stack
                0x20000c88      0x600 load address 0x08007588
                0x20000c88                        . = ALIGN (0x8)
                [!provide]                        PROVIDE (end = .)
                0x20000c88                        PROVIDE (_end = .)
                0x20000e88                        . = (. + _Min_Heap_Size)
 *fill*         0x20000c88      0x200 
                0x20001288                        . = (. + _Min_Stack_Size)
 *fill*         0x20000e88      0x400 
                0x20001288                        . = ALIGN (0x8)

/DISCARD/
 libc.a(*)
 libm.a(*)
 libgcc.a(*)

.ARM.attributes
                0x00000000       0x30
 *(.ARM.attributes)
 .ARM.attributes
                0x00000000       0x22 /home/lth/st/stm32cubeide_1.19.0/plugins/com.st.stm32cube.ide.mcu.externaltools.gnu-tools-for-stm32.13.3.rel1.linux64_1.0.0.202410170706/tools/bin/../lib/gcc/arm-none-eabi/13.3.1/thumb/v7e-m+fp/hard/crti.o
 .ARM.attributes
                0x00000022       0x34 /home/lth/st/stm32cubeide_1.19.0/plugins/com.st.stm32cube.ide.mcu.externaltools.gnu-tools-for-stm32.13.3.rel1.linux64_1.0.0.202410170706/tools/bin/../lib/gcc/arm-none-eabi/13.3.1/thumb/v7e-m+fp/hard/crtbegin.o
 .ARM.attributes
                0x00000056       0x34 ./Core/Src/main.o
 .ARM.attributes
                0x0000008a       0x34 ./Core/Src/stm32l4xx_hal_msp.o
 .ARM.attributes
                0x000000be       0x34 ./Core/Src/stm32l4xx_it.o
 .ARM.attributes
                0x000000f2       0x34 ./Core/Src/syscalls.o
 .ARM.attributes
                0x00000126       0x34 ./Core/Src/sysmem.o
 .ARM.attributes
                0x0000015a       0x34 ./Core/Src/system_stm32l4xx.o
 .ARM.attributes
                0x0000018e       0x21 ./Core/Startup/startup_stm32l432kcux.o
 .ARM.attributes
                0x000001af       0x34 ./Drivers/STM32L4xx_HAL_Driver/Src/stm32l4xx_hal.o
 .ARM.attributes
                0x000001e3       0x34 ./Drivers/STM32L4xx_HAL_Driver/Src/stm32l4xx_hal_cortex.o
 .ARM.attributes
                0x00000217       0x34 ./Drivers/STM32L4xx_HAL_Driver/Src/stm32l4xx_hal_dma.o
 .ARM.attributes
                0x0000024b       0x34 ./Drivers/STM32L4xx_HAL_Driver/Src/stm32l4xx_hal_gpio.o
 .ARM.attributes
                0x0000027f       0x34 ./Drivers/STM32L4xx_HAL_Driver/Src/stm32l4xx_hal_pwr_ex.o
 .ARM.attributes
                0x000002b3       0x34 ./Drivers/STM32L4xx_HAL_Driver/Src/stm32l4xx_hal_rcc.o
 .ARM.attributes
                0x000002e7       0x34 ./Drivers/STM32L4xx_HAL_Driver/Src/stm32l4xx_hal_rcc_ex.o
 .ARM.attributes
                0x0000031b       0x34 ./Drivers/STM32L4xx_HAL_Driver/Src/stm32l4xx_hal_spi.o
 .ARM.attributes
                0x0000034f       0x34 ./Drivers/STM32L4xx_HAL_Driver/Src/stm32l4xx_hal_uart.o
 .ARM.attributes
                0x00000383       0x34 ./st7789/fonts.o
 .ARM.attributes
                0x000003b7       0x34 ./st7789/st7789.o
 .ARM.attributes
                0x000003eb       0x34 /home/lth/st/stm32cubeide_1.19.0/plugins/com.st.stm32cube.ide.mcu.externaltools.gnu-tools-for-stm32.13.3.rel1.linux64_1.0.0.202410170706/tools/bin/../lib/gcc/arm-none-eabi/13.3.1/../../../../arm-none-eabi/lib/thumb/v7e-m+fp/hard/libc_nano.a(libc_a-findfp.o)
 .ARM.attributes
                0x0000041f       0x34 /home/lth/st/stm32cubeide_1.19.0/plugins/com.st.stm32cube.ide.mcu.externaltools.gnu-tools-for-stm32.13.3.rel1.linux64_1.0.0.202410170706/tools/bin/../lib/gcc/arm-none-eabi/13.3.1/../../../../arm-none-eabi/lib/thumb/v7e-m+fp/hard/libc_nano.a(libc_a-fwalk.o)
 .ARM.attributes
                0x00000453       0x34 /home/lth/st/stm32cubeide_1.19.0/plugins/com.st.stm32cube.ide.mcu.externaltools.gnu-tools-for-stm32.13.3.rel1.linux64_1.0.0.202410170706/tools/bin/../lib/gcc/arm-none-eabi/13.3.1/../../../../arm-none-eabi/lib/thumb/v7e-m+fp/hard/libc_nano.a(libc_a-printf.o)
 .ARM.attributes
                0x00000487       0x34 /home/lth/st/stm32cubeide_1.19.0/plugins/com.st.stm32cube.ide.mcu.externaltools.gnu-tools-for-stm32.13.3.rel1.linux64_1.0.0.202410170706/tools/bin/../lib/gcc/arm-none-eabi/13.3.1/../../../../arm-none-eabi/lib/thumb/v7e-m+fp/hard/libc_nano.a(libc_a-puts.o)
 .ARM.attributes
                0x000004bb       0x34 /home/lth/st/stm32cubeide_1.19.0/plugins/com.st.stm32cube.ide.mcu.externaltools.gnu-tools-for-stm32.13.3.rel1.linux64_1.0.0.202410170706/tools/bin/../lib/gcc/arm-none-eabi/13.3.1/../../../../arm-none-eabi/lib/thumb/v7e-m+fp/hard/libc_nano.a(libc_a-stdio.o)
 .ARM.attributes
                0x000004ef       0x34 /home/lth/st/stm32cubeide_1.19.0/plugins/com.st.stm32cube.ide.mcu.externaltools.gnu-tools-for-stm32.13.3.rel1.linux64_1.0.0.202410170706/tools/bin/../lib/gcc/arm-none-eabi/13.3.1/../../../../arm-none-eabi/lib/thumb/v7e-m+fp/hard/libc_nano.a(libc_a-wbuf.o)
 .ARM.attributes
                0x00000523       0x34 /home/lth/st/stm32cubeide_1.19.0/plugins/com.st.stm32cube.ide.mcu.externaltools.gnu-tools-for-stm32.13.3.rel1.linux64_1.0.0.202410170706/tools/bin/../lib/gcc/arm-none-eabi/13.3.1/../../../../arm-none-eabi/lib/thumb/v7e-m+fp/hard/libc_nano.a(libc_a-wsetup.o)
 .ARM.attributes
                0x00000557       0x34 /home/lth/st/stm32cubeide_1.19.0/plugins/com.st.stm32cube.ide.mcu.externaltools.gnu-tools-for-stm32.13.3.rel1.linux64_1.0.0.202410170706/tools/bin/../lib/gcc/arm-none-eabi/13.3.1/../../../../arm-none-eabi/lib/thumb/v7e-m+fp/hard/libc_nano.a(libc_a-memset.o)
 .ARM.attributes
                0x0000058b       0x34 /home/lth/st/stm32cubeide_1.19.0/plugins/com.st.stm32cube.ide.mcu.externaltools.gnu-tools-for-stm32.13.3.rel1.linux64_1.0.0.202410170706/tools/bin/../lib/gcc/arm-none-eabi/13.3.1/../../../../arm-none-eabi/lib/thumb/v7e-m+fp/hard/libc_nano.a(libc_a-closer.o)
 .ARM.attributes
                0x000005bf       0x34 /home/lth/st/stm32cubeide_1.19.0/plugins/com.st.stm32cube.ide.mcu.externaltools.gnu-tools-for-stm32.13.3.rel1.linux64_1.0.0.202410170706/tools/bin/../lib/gcc/arm-none-eabi/13.3.1/../../../../arm-none-eabi/lib/thumb/v7e-m+fp/hard/libc_nano.a(libc_a-reent.o)
 .ARM.attributes
                0x000005f3       0x34 /home/lth/st/stm32cubeide_1.19.0/plugins/com.st.stm32cube.ide.mcu.externaltools.gnu-tools-for-stm32.13.3.rel1.linux64_1.0.0.202410170706/tools/bin/../lib/gcc/arm-none-eabi/13.3.1/../../../../arm-none-eabi/lib/thumb/v7e-m+fp/hard/libc_nano.a(libc_a-impure.o)
 .ARM.attributes
                0x00000627       0x34 /home/lth/st/stm32cubeide_1.19.0/plugins/com.st.stm32cube.ide.mcu.externaltools.gnu-tools-for-stm32.13.3.rel1.linux64_1.0.0.202410170706/tools/bin/../lib/gcc/arm-none-eabi/13.3.1/../../../../arm-none-eabi/lib/thumb/v7e-m+fp/hard/libc_nano.a(libc_a-lseekr.o)
 .ARM.attributes
                0x0000065b       0x34 /home/lth/st/stm32cubeide_1.19.0/plugins/com.st.stm32cube.ide.mcu.externaltools.gnu-tools-for-stm32.13.3.rel1.linux64_1.0.0.202410170706/tools/bin/../lib/gcc/arm-none-eabi/13.3.1/../../../../arm-none-eabi/lib/thumb/v7e-m+fp/hard/libc_nano.a(libc_a-readr.o)
 .ARM.attributes
                0x0000068f       0x34 /home/lth/st/stm32cubeide_1.19.0/plugins/com.st.stm32cube.ide.mcu.externaltools.gnu-tools-for-stm32.13.3.rel1.linux64_1.0.0.202410170706/tools/bin/../lib/gcc/arm-none-eabi/13.3.1/../../../../arm-none-eabi/lib/thumb/v7e-m+fp/hard/libc_nano.a(libc_a-writer.o)
 .ARM.attributes
                0x000006c3       0x34 /home/lth/st/stm32cubeide_1.19.0/plugins/com.st.stm32cube.ide.mcu.externaltools.gnu-tools-for-stm32.13.3.rel1.linux64_1.0.0.202410170706/tools/bin/../lib/gcc/arm-none-eabi/13.3.1/../../../../arm-none-eabi/lib/thumb/v7e-m+fp/hard/libc_nano.a(libc_a-errno.o)
 .ARM.attributes
                0x000006f7       0x34 /home/lth/st/stm32cubeide_1.19.0/plugins/com.st.stm32cube.ide.mcu.externaltools.gnu-tools-for-stm32.13.3.rel1.linux64_1.0.0.202410170706/tools/bin/../lib/gcc/arm-none-eabi/13.3.1/../../../../arm-none-eabi/lib/thumb/v7e-m+fp/hard/libc_nano.a(libc_a-init.o)
 .ARM.attributes
                0x0000072b       0x34 /home/lth/st/stm32cubeide_1.19.0/plugins/com.st.stm32cube.ide.mcu.externaltools.gnu-tools-for-stm32.13.3.rel1.linux64_1.0.0.202410170706/tools/bin/../lib/gcc/arm-none-eabi/13.3.1/../../../../arm-none-eabi/lib/thumb/v7e-m+fp/hard/libc_nano.a(libc_a-lock.o)
 .ARM.attributes
                0x0000075f       0x34 /home/lth/st/stm32cubeide_1.19.0/plugins/com.st.stm32cube.ide.mcu.externaltools.gnu-tools-for-stm32.13.3.rel1.linux64_1.0.0.202410170706/tools/bin/../lib/gcc/arm-none-eabi/13.3.1/../../../../arm-none-eabi/lib/thumb/v7e-m+fp/hard/libc_nano.a(libc_a-freer.o)
 .ARM.attributes
                0x00000793       0x34 /home/lth/st/stm32cubeide_1.19.0/plugins/com.st.stm32cube.ide.mcu.externaltools.gnu-tools-for-stm32.13.3.rel1.linux64_1.0.0.202410170706/tools/bin/../lib/gcc/arm-none-eabi/13.3.1/../../../../arm-none-eabi/lib/thumb/v7e-m+fp/hard/libc_nano.a(libc_a-mallocr.o)
 .ARM.attributes
                0x000007c7       0x34 /home/lth/st/stm32cubeide_1.19.0/plugins/com.st.stm32cube.ide.mcu.externaltools.gnu-tools-for-stm32.13.3.rel1.linux64_1.0.0.202410170706/tools/bin/../lib/gcc/arm-none-eabi/13.3.1/../../../../arm-none-eabi/lib/thumb/v7e-m+fp/hard/libc_nano.a(libc_a-mlock.o)
 .ARM.attributes
                0x000007fb       0x34 /home/lth/st/stm32cubeide_1.19.0/plugins/com.st.stm32cube.ide.mcu.externaltools.gnu-tools-for-stm32.13.3.rel1.linux64_1.0.0.202410170706/tools/bin/../lib/gcc/arm-none-eabi/13.3.1/../../../../arm-none-eabi/lib/thumb/v7e-m+fp/hard/libc_nano.a(libc_a-nano-vfprintf.o)
 .ARM.attributes
                0x0000082f       0x34 /home/lth/st/stm32cubeide_1.19.0/plugins/com.st.stm32cube.ide.mcu.externaltools.gnu-tools-for-stm32.13.3.rel1.linux64_1.0.0.202410170706/tools/bin/../lib/gcc/arm-none-eabi/13.3.1/../../../../arm-none-eabi/lib/thumb/v7e-m+fp/hard/libc_nano.a(libc_a-nano-vfprintf_i.o)
 .ARM.attributes
                0x00000863       0x34 /home/lth/st/stm32cubeide_1.19.0/plugins/com.st.stm32cube.ide.mcu.externaltools.gnu-tools-for-stm32.13.3.rel1.linux64_1.0.0.202410170706/tools/bin/../lib/gcc/arm-none-eabi/13.3.1/../../../../arm-none-eabi/lib/thumb/v7e-m+fp/hard/libc_nano.a(libc_a-fflush.o)
 .ARM.attributes
                0x00000897       0x34 /home/lth/st/stm32cubeide_1.19.0/plugins/com.st.stm32cube.ide.mcu.externaltools.gnu-tools-for-stm32.13.3.rel1.linux64_1.0.0.202410170706/tools/bin/../lib/gcc/arm-none-eabi/13.3.1/../../../../arm-none-eabi/lib/thumb/v7e-m+fp/hard/libc_nano.a(libc_a-makebuf.o)
 .ARM.attributes
                0x000008cb       0x34 /home/lth/st/stm32cubeide_1.19.0/plugins/com.st.stm32cube.ide.mcu.externaltools.gnu-tools-for-stm32.13.3.rel1.linux64_1.0.0.202410170706/tools/bin/../lib/gcc/arm-none-eabi/13.3.1/../../../../arm-none-eabi/lib/thumb/v7e-m+fp/hard/libc_nano.a(libc_a-fstatr.o)
 .ARM.attributes
                0x000008ff       0x34 /home/lth/st/stm32cubeide_1.19.0/plugins/com.st.stm32cube.ide.mcu.externaltools.gnu-tools-for-stm32.13.3.rel1.linux64_1.0.0.202410170706/tools/bin/../lib/gcc/arm-none-eabi/13.3.1/../../../../arm-none-eabi/lib/thumb/v7e-m+fp/hard/libc_nano.a(libc_a-isattyr.o)
 .ARM.attributes
                0x00000933       0x34 /home/lth/st/stm32cubeide_1.19.0/plugins/com.st.stm32cube.ide.mcu.externaltools.gnu-tools-for-stm32.13.3.rel1.linux64_1.0.0.202410170706/tools/bin/../lib/gcc/arm-none-eabi/13.3.1/../../../../arm-none-eabi/lib/thumb/v7e-m+fp/hard/libc_nano.a(libc_a-sbrkr.o)
 .ARM.attributes
                0x00000967       0x1c /home/lth/st/stm32cubeide_1.19.0/plugins/com.st.stm32cube.ide.mcu.externaltools.gnu-tools-for-stm32.13.3.rel1.linux64_1.0.0.202410170706/tools/bin/../lib/gcc/arm-none-eabi/13.3.1/../../../../arm-none-eabi/lib/thumb/v7e-m+fp/hard/libc_nano.a(libc_a-memchr.o)
 .ARM.attributes
                0x00000983       0x22 /home/lth/st/stm32cubeide_1.19.0/plugins/com.st.stm32cube.ide.mcu.externaltools.gnu-tools-for-stm32.13.3.rel1.linux64_1.0.0.202410170706/tools/bin/../lib/gcc/arm-none-eabi/13.3.1/thumb/v7e-m+fp/hard/libgcc.a(_aeabi_uldivmod.o)
 .ARM.attributes
                0x000009a5       0x34 /home/lth/st/stm32cubeide_1.19.0/plugins/com.st.stm32cube.ide.mcu.externaltools.gnu-tools-for-stm32.13.3.rel1.linux64_1.0.0.202410170706/tools/bin/../lib/gcc/arm-none-eabi/13.3.1/thumb/v7e-m+fp/hard/libgcc.a(_udivmoddi4.o)
 .ARM.attributes
                0x000009d9       0x22 /home/lth/st/stm32cubeide_1.19.0/plugins/com.st.stm32cube.ide.mcu.externaltools.gnu-tools-for-stm32.13.3.rel1.linux64_1.0.0.202410170706/tools/bin/../lib/gcc/arm-none-eabi/13.3.1/thumb/v7e-m+fp/hard/libgcc.a(_dvmd_tls.o)
 .ARM.attributes
                0x000009fb       0x22 /home/lth/st/stm32cubeide_1.19.0/plugins/com.st.stm32cube.ide.mcu.externaltools.gnu-tools-for-stm32.13.3.rel1.linux64_1.0.0.202410170706/tools/bin/../lib/gcc/arm-none-eabi/13.3.1/thumb/v7e-m+fp/hard/crtn.o
OUTPUT(stm32l432.elf elf32-littlearm)
LOAD linker stubs
LOAD /home/lth/st/stm32cubeide_1.19.0/plugins/com.st.stm32cube.ide.mcu.externaltools.gnu-tools-for-stm32.13.3.rel1.linux64_1.0.0.202410170706/tools/bin/../lib/gcc/arm-none-eabi/13.3.1/../../../../arm-none-eabi/lib/thumb/v7e-m+fp/hard/libc.a
LOAD /home/lth/st/stm32cubeide_1.19.0/plugins/com.st.stm32cube.ide.mcu.externaltools.gnu-tools-for-stm32.13.3.rel1.linux64_1.0.0.202410170706/tools/bin/../lib/gcc/arm-none-eabi/13.3.1/../../../../arm-none-eabi/lib/thumb/v7e-m+fp/hard/libm.a
LOAD /home/lth/st/stm32cubeide_1.19.0/plugins/com.st.stm32cube.ide.mcu.externaltools.gnu-tools-for-stm32.13.3.rel1.linux64_1.0.0.202410170706/tools/bin/../lib/gcc/arm-none-eabi/13.3.1/thumb/v7e-m+fp/hard/libgcc.a

.debug_info     0x00000000    0x12fd8
 .debug_info    0x00000000     0x175c ./Core/Src/main.o
 .debug_info    0x0000175c     0x12dd ./Core/Src/stm32l4xx_hal_msp.o
 .debug_info    0x00002a39      0x727 ./Core/Src/stm32l4xx_it.o
 .debug_info    0x00003160      0x78d ./Core/Src/syscalls.o
 .debug_info    0x000038ed      0x175 ./Core/Src/sysmem.o
 .debug_info    0x00003a62      0x5dd ./Core/Src/system_stm32l4xx.o
 .debug_info    0x0000403f       0x30 ./Core/Startup/startup_stm32l432kcux.o
 .debug_info    0x0000406f      0xa47 ./Drivers/STM32L4xx_HAL_Driver/Src/stm32l4xx_hal.o
 .debug_info    0x00004ab6      0xf70 ./Drivers/STM32L4xx_HAL_Driver/Src/stm32l4xx_hal_cortex.o
 .debug_info    0x00005a26      0x818 ./Drivers/STM32L4xx_HAL_Driver/Src/stm32l4xx_hal_dma.o
 .debug_info    0x0000623e      0x78d ./Drivers/STM32L4xx_HAL_Driver/Src/stm32l4xx_hal_gpio.o
 .debug_info    0x000069cb      0x9c9 ./Drivers/STM32L4xx_HAL_Driver/Src/stm32l4xx_hal_pwr_ex.o
 .debug_info    0x00007394      0xe5c ./Drivers/STM32L4xx_HAL_Driver/Src/stm32l4xx_hal_rcc.o
 .debug_info    0x000081f0     0x11a1 ./Drivers/STM32L4xx_HAL_Driver/Src/stm32l4xx_hal_rcc_ex.o
 .debug_info    0x00009391     0x1f88 ./Drivers/STM32L4xx_HAL_Driver/Src/stm32l4xx_hal_spi.o
 .debug_info    0x0000b319     0x510b ./Drivers/STM32L4xx_HAL_Driver/Src/stm32l4xx_hal_uart.o
 .debug_info    0x00010424      0x1e9 ./st7789/fonts.o
 .debug_info    0x0001060d     0x29cb ./st7789/st7789.o

.debug_abbrev   0x00000000     0x2609
 .debug_abbrev  0x00000000      0x357 ./Core/Src/main.o
 .debug_abbrev  0x00000357      0x20e ./Core/Src/stm32l4xx_hal_msp.o
 .debug_abbrev  0x00000565      0x1cc ./Core/Src/stm32l4xx_it.o
 .debug_abbrev  0x00000731      0x1c3 ./Core/Src/syscalls.o
 .debug_abbrev  0x000008f4       0xec ./Core/Src/sysmem.o
 .debug_abbrev  0x000009e0      0x120 ./Core/Src/system_stm32l4xx.o
 .debug_abbrev  0x00000b00       0x24 ./Core/Startup/startup_stm32l432kcux.o
 .debug_abbrev  0x00000b24      0x256 ./Drivers/STM32L4xx_HAL_Driver/Src/stm32l4xx_hal.o
 .debug_abbrev  0x00000d7a      0x392 ./Drivers/STM32L4xx_HAL_Driver/Src/stm32l4xx_hal_cortex.o
 .debug_abbrev  0x0000110c      0x21f ./Drivers/STM32L4xx_HAL_Driver/Src/stm32l4xx_hal_dma.o
 .debug_abbrev  0x0000132b      0x1fb ./Drivers/STM32L4xx_HAL_Driver/Src/stm32l4xx_hal_gpio.o
 .debug_abbrev  0x00001526      0x217 ./Drivers/STM32L4xx_HAL_Driver/Src/stm32l4xx_hal_pwr_ex.o
 .debug_abbrev  0x0000173d      0x2ad ./Drivers/STM32L4xx_HAL_Driver/Src/stm32l4xx_hal_rcc.o
 .debug_abbrev  0x000019ea      0x2aa ./Drivers/STM32L4xx_HAL_Driver/Src/stm32l4xx_hal_rcc_ex.o
 .debug_abbrev  0x00001c94      0x275 ./Drivers/STM32L4xx_HAL_Driver/Src/stm32l4xx_hal_spi.o
 .debug_abbrev  0x00001f09      0x303 ./Drivers/STM32L4xx_HAL_Driver/Src/stm32l4xx_hal_uart.o
 .debug_abbrev  0x0000220c       0xd3 ./st7789/fonts.o
 .debug_abbrev  0x000022df      0x32a ./st7789/st7789.o

.debug_loclists
                0x00000000     0x8521
 .debug_loclists
                0x00000000      0x125 ./Core/Src/main.o
 .debug_loclists
                0x00000125       0xa5 ./Core/Src/stm32l4xx_hal_msp.o
 .debug_loclists
                0x000001ca      0x2cd ./Core/Src/syscalls.o
 .debug_loclists
                0x00000497       0x52 ./Core/Src/sysmem.o
 .debug_loclists
                0x000004e9       0xb5 ./Core/Src/system_stm32l4xx.o
 .debug_loclists
                0x0000059e      0x139 ./Drivers/STM32L4xx_HAL_Driver/Src/stm32l4xx_hal.o
 .debug_loclists
                0x000006d7      0x54d ./Drivers/STM32L4xx_HAL_Driver/Src/stm32l4xx_hal_cortex.o
 .debug_loclists
                0x00000c24      0x5a0 ./Drivers/STM32L4xx_HAL_Driver/Src/stm32l4xx_hal_dma.o
 .debug_loclists
                0x000011c4      0x24b ./Drivers/STM32L4xx_HAL_Driver/Src/stm32l4xx_hal_gpio.o
 .debug_loclists
                0x0000140f      0x4fa ./Drivers/STM32L4xx_HAL_Driver/Src/stm32l4xx_hal_pwr_ex.o
 .debug_loclists
                0x00001909      0x581 ./Drivers/STM32L4xx_HAL_Driver/Src/stm32l4xx_hal_rcc.o
 .debug_loclists
                0x00001e8a     0x10e1 ./Drivers/STM32L4xx_HAL_Driver/Src/stm32l4xx_hal_rcc_ex.o
 .debug_loclists
                0x00002f6b     0x171c ./Drivers/STM32L4xx_HAL_Driver/Src/stm32l4xx_hal_spi.o
 .debug_loclists
                0x00004687     0x2dfb ./Drivers/STM32L4xx_HAL_Driver/Src/stm32l4xx_hal_uart.o
 .debug_loclists
                0x00007482     0x109f ./st7789/st7789.o

.debug_aranges  0x00000000      0xca0
 .debug_aranges
                0x00000000       0x60 ./Core/Src/main.o
 .debug_aranges
                0x00000060       0x40 ./Core/Src/stm32l4xx_hal_msp.o
 .debug_aranges
                0x000000a0       0x88 ./Core/Src/stm32l4xx_it.o
 .debug_aranges
                0x00000128       0xa8 ./Core/Src/syscalls.o
 .debug_aranges
                0x000001d0       0x20 ./Core/Src/sysmem.o
 .debug_aranges
                0x000001f0       0x28 ./Core/Src/system_stm32l4xx.o
 .debug_aranges
                0x00000218       0x28 ./Core/Startup/startup_stm32l432kcux.o
 .debug_aranges
                0x00000240      0x108 ./Drivers/STM32L4xx_HAL_Driver/Src/stm32l4xx_hal.o
 .debug_aranges
                0x00000348       0xf0 ./Drivers/STM32L4xx_HAL_Driver/Src/stm32l4xx_hal_cortex.o
 .debug_aranges
                0x00000438       0x80 ./Drivers/STM32L4xx_HAL_Driver/Src/stm32l4xx_hal_dma.o
 .debug_aranges
                0x000004b8       0x58 ./Drivers/STM32L4xx_HAL_Driver/Src/stm32l4xx_hal_gpio.o
 .debug_aranges
                0x00000510      0x128 ./Drivers/STM32L4xx_HAL_Driver/Src/stm32l4xx_hal_pwr_ex.o
 .debug_aranges
                0x00000638       0x90 ./Drivers/STM32L4xx_HAL_Driver/Src/stm32l4xx_hal_rcc.o
 .debug_aranges
                0x000006c8       0xf0 ./Drivers/STM32L4xx_HAL_Driver/Src/stm32l4xx_hal_rcc_ex.o
 .debug_aranges
                0x000007b8      0x1d8 ./Drivers/STM32L4xx_HAL_Driver/Src/stm32l4xx_hal_spi.o
 .debug_aranges
                0x00000990      0x228 ./Drivers/STM32L4xx_HAL_Driver/Src/stm32l4xx_hal_uart.o
 .debug_aranges
                0x00000bb8       0x18 ./st7789/fonts.o
 .debug_aranges
                0x00000bd0       0xd0 ./st7789/st7789.o

.debug_rnglists
                0x00000000      0x9a2
 .debug_rnglists
                0x00000000       0x45 ./Core/Src/main.o
 .debug_rnglists
                0x00000045       0x2d ./Core/Src/stm32l4xx_hal_msp.o
 .debug_rnglists
                0x00000072       0x61 ./Core/Src/stm32l4xx_it.o
 .debug_rnglists
                0x000000d3       0x79 ./Core/Src/syscalls.o
 .debug_rnglists
                0x0000014c       0x13 ./Core/Src/sysmem.o
 .debug_rnglists
                0x0000015f       0x1a ./Core/Src/system_stm32l4xx.o
 .debug_rnglists
                0x00000179       0x19 ./Core/Startup/startup_stm32l432kcux.o
 .debug_rnglists
                0x00000192       0xc1 ./Drivers/STM32L4xx_HAL_Driver/Src/stm32l4xx_hal.o
 .debug_rnglists
                0x00000253       0xaf ./Drivers/STM32L4xx_HAL_Driver/Src/stm32l4xx_hal_cortex.o
 .debug_rnglists
                0x00000302       0x5f ./Drivers/STM32L4xx_HAL_Driver/Src/stm32l4xx_hal_dma.o
 .debug_rnglists
                0x00000361       0x3f ./Drivers/STM32L4xx_HAL_Driver/Src/stm32l4xx_hal_gpio.o
 .debug_rnglists
                0x000003a0       0xdb ./Drivers/STM32L4xx_HAL_Driver/Src/stm32l4xx_hal_pwr_ex.o
 .debug_rnglists
                0x0000047b       0x7c ./Drivers/STM32L4xx_HAL_Driver/Src/stm32l4xx_hal_rcc.o
 .debug_rnglists
                0x000004f7       0xc7 ./Drivers/STM32L4xx_HAL_Driver/Src/stm32l4xx_hal_rcc_ex.o
 .debug_rnglists
                0x000005be      0x171 ./Drivers/STM32L4xx_HAL_Driver/Src/stm32l4xx_hal_spi.o
 .debug_rnglists
                0x0000072f      0x1bb ./Drivers/STM32L4xx_HAL_Driver/Src/stm32l4xx_hal_uart.o
 .debug_rnglists
                0x000008ea       0xb8 ./st7789/st7789.o

.debug_macro    0x00000000    0x213d9
 .debug_macro   0x00000000      0x2f6 ./Core/Src/main.o
 .debug_macro   0x000002f6      0xad8 ./Core/Src/main.o
 .debug_macro   0x00000dce      0x1a7 ./Core/Src/main.o
 .debug_macro   0x00000f75       0x2e ./Core/Src/main.o
 .debug_macro   0x00000fa3       0x28 ./Core/Src/main.o
 .debug_macro   0x00000fcb       0x22 ./Core/Src/main.o
 .debug_macro   0x00000fed       0x8e ./Core/Src/main.o
 .debug_macro   0x0000107b       0x51 ./Core/Src/main.o
 .debug_macro   0x000010cc      0x103 ./Core/Src/main.o
 .debug_macro   0x000011cf       0x6a ./Core/Src/main.o
 .debug_macro   0x00001239      0x1df ./Core/Src/main.o
 .debug_macro   0x00001418       0x1c ./Core/Src/main.o
 .debug_macro   0x00001434       0x22 ./Core/Src/main.o
 .debug_macro   0x00001456       0xfb ./Core/Src/main.o
 .debug_macro   0x00001551     0x1011 ./Core/Src/main.o
 .debug_macro   0x00002562      0x11f ./Core/Src/main.o
 .debug_macro   0x00002681    0x147a6 ./Core/Src/main.o
 .debug_macro   0x00016e27       0x6d ./Core/Src/main.o
 .debug_macro   0x00016e94     0x38fb ./Core/Src/main.o
 .debug_macro   0x0001a78f      0x190 ./Core/Src/main.o
 .debug_macro   0x0001a91f       0x5c ./Core/Src/main.o
 .debug_macro   0x0001a97b     0x11ca ./Core/Src/main.o
 .debug_macro   0x0001bb45      0x53c ./Core/Src/main.o
 .debug_macro   0x0001c081      0x1b9 ./Core/Src/main.o
 .debug_macro   0x0001c23a      0x122 ./Core/Src/main.o
 .debug_macro   0x0001c35c      0x26b ./Core/Src/main.o
 .debug_macro   0x0001c5c7      0x23d ./Core/Src/main.o
 .debug_macro   0x0001c804      0x241 ./Core/Src/main.o
 .debug_macro   0x0001ca45      0x375 ./Core/Src/main.o
 .debug_macro   0x0001cdba       0xd6 ./Core/Src/main.o
 .debug_macro   0x0001ce90      0x122 ./Core/Src/main.o
 .debug_macro   0x0001cfb2      0x356 ./Core/Src/main.o
 .debug_macro   0x0001d308      0x2fe ./Core/Src/main.o
 .debug_macro   0x0001d606      0x5cf ./Core/Src/main.o
 .debug_macro   0x0001dbd5       0x44 ./Core/Src/main.o
 .debug_macro   0x0001dc19      0x220 ./Core/Src/main.o
 .debug_macro   0x0001de39       0x94 ./Core/Src/main.o
 .debug_macro   0x0001decd       0x2a ./Core/Src/main.o
 .debug_macro   0x0001def7       0x61 ./Core/Src/main.o
 .debug_macro   0x0001df58       0x43 ./Core/Src/main.o
 .debug_macro   0x0001df9b       0x34 ./Core/Src/main.o
 .debug_macro   0x0001dfcf       0x16 ./Core/Src/main.o
 .debug_macro   0x0001dfe5       0x3c ./Core/Src/main.o
 .debug_macro   0x0001e021      0x370 ./Core/Src/main.o
 .debug_macro   0x0001e391       0x16 ./Core/Src/main.o
 .debug_macro   0x0001e3a7       0x4a ./Core/Src/main.o
 .debug_macro   0x0001e3f1       0x34 ./Core/Src/main.o
 .debug_macro   0x0001e425       0x10 ./Core/Src/main.o
 .debug_macro   0x0001e435       0x58 ./Core/Src/main.o
 .debug_macro   0x0001e48d       0x8e ./Core/Src/main.o
 .debug_macro   0x0001e51b       0x1c ./Core/Src/main.o
 .debug_macro   0x0001e537      0x185 ./Core/Src/main.o
 .debug_macro   0x0001e6bc       0x16 ./Core/Src/main.o
 .debug_macro   0x0001e6d2       0x29 ./Core/Src/main.o
 .debug_macro   0x0001e6fb       0x1c ./Core/Src/main.o
 .debug_macro   0x0001e717       0x10 ./Core/Src/main.o
 .debug_macro   0x0001e727       0x1c ./Core/Src/main.o
 .debug_macro   0x0001e743       0x16 ./Core/Src/main.o
 .debug_macro   0x0001e759      0x146 ./Core/Src/main.o
 .debug_macro   0x0001e89f       0x52 ./Core/Src/main.o
 .debug_macro   0x0001e8f1      0x1a0 ./Core/Src/main.o
 .debug_macro   0x0001ea91      0x1d0 ./Core/Src/stm32l4xx_hal_msp.o
 .debug_macro   0x0001ec61      0x1da ./Core/Src/stm32l4xx_it.o
 .debug_macro   0x0001ee3b      0x274 ./Core/Src/syscalls.o
 .debug_macro   0x0001f0af       0x5b ./Core/Src/syscalls.o
 .debug_macro   0x0001f10a       0x94 ./Core/Src/syscalls.o
 .debug_macro   0x0001f19e       0x57 ./Core/Src/syscalls.o
 .debug_macro   0x0001f1f5       0x10 ./Core/Src/syscalls.o
 .debug_macro   0x0001f205       0x10 ./Core/Src/syscalls.o
 .debug_macro   0x0001f215       0x10 ./Core/Src/syscalls.o
 .debug_macro   0x0001f225       0x10 ./Core/Src/syscalls.o
 .debug_macro   0x0001f235       0x1c ./Core/Src/syscalls.o
 .debug_macro   0x0001f251       0x52 ./Core/Src/syscalls.o
 .debug_macro   0x0001f2a3       0x22 ./Core/Src/syscalls.o
 .debug_macro   0x0001f2c5       0x10 ./Core/Src/syscalls.o
 .debug_macro   0x0001f2d5       0x52 ./Core/Src/syscalls.o
 .debug_macro   0x0001f327       0xcf ./Core/Src/syscalls.o
 .debug_macro   0x0001f3f6       0x1c ./Core/Src/syscalls.o
 .debug_macro   0x0001f412       0x3d ./Core/Src/syscalls.o
 .debug_macro   0x0001f44f       0x35 ./Core/Src/syscalls.o
 .debug_macro   0x0001f484      0x12c ./Core/Src/syscalls.o
 .debug_macro   0x0001f5b0       0x10 ./Core/Src/syscalls.o
 .debug_macro   0x0001f5c0      0x242 ./Core/Src/syscalls.o
 .debug_macro   0x0001f802       0x10 ./Core/Src/syscalls.o
 .debug_macro   0x0001f812      0x18a ./Core/Src/syscalls.o
 .debug_macro   0x0001f99c       0x16 ./Core/Src/syscalls.o
 .debug_macro   0x0001f9b2       0xce ./Core/Src/syscalls.o
 .debug_macro   0x0001fa80      0x112 ./Core/Src/sysmem.o
 .debug_macro   0x0001fb92      0x23c ./Core/Src/sysmem.o
 .debug_macro   0x0001fdce      0x1c1 ./Core/Src/system_stm32l4xx.o
 .debug_macro   0x0001ff8f      0x209 ./Drivers/STM32L4xx_HAL_Driver/Src/stm32l4xx_hal.o
 .debug_macro   0x00020198      0x1c1 ./Drivers/STM32L4xx_HAL_Driver/Src/stm32l4xx_hal_cortex.o
 .debug_macro   0x00020359      0x1c1 ./Drivers/STM32L4xx_HAL_Driver/Src/stm32l4xx_hal_dma.o
 .debug_macro   0x0002051a      0x1c8 ./Drivers/STM32L4xx_HAL_Driver/Src/stm32l4xx_hal_gpio.o
 .debug_macro   0x000206e2      0x1e5 ./Drivers/STM32L4xx_HAL_Driver/Src/stm32l4xx_hal_pwr_ex.o
 .debug_macro   0x000208c7      0x203 ./Drivers/STM32L4xx_HAL_Driver/Src/stm32l4xx_hal_rcc.o
 .debug_macro   0x00020aca      0x1f7 ./Drivers/STM32L4xx_HAL_Driver/Src/stm32l4xx_hal_rcc_ex.o
 .debug_macro   0x00020cc1      0x1c9 ./Drivers/STM32L4xx_HAL_Driver/Src/stm32l4xx_hal_spi.o
 .debug_macro   0x00020e8a      0x1ec ./Drivers/STM32L4xx_HAL_Driver/Src/stm32l4xx_hal_uart.o
 .debug_macro   0x00021076       0x6d ./st7789/fonts.o
 .debug_macro   0x000210e3      0x2c6 ./st7789/st7789.o
 .debug_macro   0x000213a9       0x10 ./st7789/st7789.o
 .debug_macro   0x000213b9       0x20 ./st7789/st7789.o

.debug_line     0x00000000    0x12458
 .debug_line    0x00000000      0xc14 ./Core/Src/main.o
 .debug_line    0x00000c14      0x89c ./Core/Src/stm32l4xx_hal_msp.o
 .debug_line    0x000014b0      0x7e4 ./Core/Src/stm32l4xx_it.o
 .debug_line    0x00001c94      0x871 ./Core/Src/syscalls.o
 .debug_line    0x00002505      0x4f9 ./Core/Src/sysmem.o
 .debug_line    0x000029fe      0x7a2 ./Core/Src/system_stm32l4xx.o
 .debug_line    0x000031a0       0x7a ./Core/Startup/startup_stm32l432kcux.o
 .debug_line    0x0000321a      0xa9c ./Drivers/STM32L4xx_HAL_Driver/Src/stm32l4xx_hal.o
 .debug_line    0x00003cb6      0xcdc ./Drivers/STM32L4xx_HAL_Driver/Src/stm32l4xx_hal_cortex.o
 .debug_line    0x00004992      0xf05 ./Drivers/STM32L4xx_HAL_Driver/Src/stm32l4xx_hal_dma.o
 .debug_line    0x00005897      0xb67 ./Drivers/STM32L4xx_HAL_Driver/Src/stm32l4xx_hal_gpio.o
 .debug_line    0x000063fe      0xd5a ./Drivers/STM32L4xx_HAL_Driver/Src/stm32l4xx_hal_pwr_ex.o
 .debug_line    0x00007158     0x14a6 ./Drivers/STM32L4xx_HAL_Driver/Src/stm32l4xx_hal_rcc.o
 .debug_line    0x000085fe     0x1767 ./Drivers/STM32L4xx_HAL_Driver/Src/stm32l4xx_hal_rcc_ex.o
 .debug_line    0x00009d65     0x2dc6 ./Drivers/STM32L4xx_HAL_Driver/Src/stm32l4xx_hal_spi.o
 .debug_line    0x0000cb2b     0x44d4 ./Drivers/STM32L4xx_HAL_Driver/Src/stm32l4xx_hal_uart.o
 .debug_line    0x00010fff      0x355 ./st7789/fonts.o
 .debug_line    0x00011354     0x1104 ./st7789/st7789.o

.debug_str      0x00000000    0xc3bce
 .debug_str     0x00000000    0xc3bce ./Core/Src/main.o
                              0xbeffc (size before relaxing)
 .debug_str     0x000c3bce    0xbafe4 ./Core/Src/stm32l4xx_hal_msp.o
 .debug_str     0x000c3bce    0xba6e6 ./Core/Src/stm32l4xx_it.o
 .debug_str     0x000c3bce     0x99d7 ./Core/Src/syscalls.o
 .debug_str     0x000c3bce     0x7775 ./Core/Src/sysmem.o
 .debug_str     0x000c3bce    0xba1a2 ./Core/Src/system_stm32l4xx.o
 .debug_str     0x000c3bce       0x78 ./Core/Startup/startup_stm32l432kcux.o
 .debug_str     0x000c3bce    0xbab2f ./Drivers/STM32L4xx_HAL_Driver/Src/stm32l4xx_hal.o
 .debug_str     0x000c3bce    0xba902 ./Drivers/STM32L4xx_HAL_Driver/Src/stm32l4xx_hal_cortex.o
 .debug_str     0x000c3bce    0xba409 ./Drivers/STM32L4xx_HAL_Driver/Src/stm32l4xx_hal_dma.o
 .debug_str     0x000c3bce    0xba316 ./Drivers/STM32L4xx_HAL_Driver/Src/stm32l4xx_hal_gpio.o
 .debug_str     0x000c3bce    0xba64a ./Drivers/STM32L4xx_HAL_Driver/Src/stm32l4xx_hal_pwr_ex.o
 .debug_str     0x000c3bce    0xba7a2 ./Drivers/STM32L4xx_HAL_Driver/Src/stm32l4xx_hal_rcc.o
 .debug_str     0x000c3bce    0xbaa02 ./Drivers/STM32L4xx_HAL_Driver/Src/stm32l4xx_hal_rcc_ex.o
 .debug_str     0x000c3bce    0xba9ba ./Drivers/STM32L4xx_HAL_Driver/Src/stm32l4xx_hal_spi.o
 .debug_str     0x000c3bce    0xbaf0b ./Drivers/STM32L4xx_HAL_Driver/Src/stm32l4xx_hal_uart.o
 .debug_str     0x000c3bce     0x3e10 ./st7789/fonts.o
 .debug_str     0x000c3bce    0xbe274 ./st7789/st7789.o

.comment        0x00000000       0x43
 .comment       0x00000000       0x43 ./Core/Src/main.o
                                 0x44 (size before relaxing)
 .comment       0x00000043       0x44 ./Core/Src/stm32l4xx_hal_msp.o
 .comment       0x00000043       0x44 ./Core/Src/stm32l4xx_it.o
 .comment       0x00000043       0x44 ./Core/Src/syscalls.o
 .comment       0x00000043       0x44 ./Core/Src/sysmem.o
 .comment       0x00000043       0x44 ./Core/Src/system_stm32l4xx.o
 .comment       0x00000043       0x44 ./Drivers/STM32L4xx_HAL_Driver/Src/stm32l4xx_hal.o
 .comment       0x00000043       0x44 ./Drivers/STM32L4xx_HAL_Driver/Src/stm32l4xx_hal_cortex.o
 .comment       0x00000043       0x44 ./Drivers/STM32L4xx_HAL_Driver/Src/stm32l4xx_hal_dma.o
 .comment       0x00000043       0x44 ./Drivers/STM32L4xx_HAL_Driver/Src/stm32l4xx_hal_gpio.o
 .comment       0x00000043       0x44 ./Drivers/STM32L4xx_HAL_Driver/Src/stm32l4xx_hal_pwr_ex.o
 .comment       0x00000043       0x44 ./Drivers/STM32L4xx_HAL_Driver/Src/stm32l4xx_hal_rcc.o
 .comment       0x00000043       0x44 ./Drivers/STM32L4xx_HAL_Driver/Src/stm32l4xx_hal_rcc_ex.o
 .comment       0x00000043       0x44 ./Drivers/STM32L4xx_HAL_Driver/Src/stm32l4xx_hal_spi.o
 .comment       0x00000043       0x44 ./Drivers/STM32L4xx_HAL_Driver/Src/stm32l4xx_hal_uart.o
 .comment       0x00000043       0x44 ./st7789/fonts.o
 .comment       0x00000043       0x44 ./st7789/st7789.o

.debug_frame    0x00000000     0x2920
 .debug_frame   0x00000000      0x104 ./Core/Src/main.o
 .debug_frame   0x00000104       0xa0 ./Core/Src/stm32l4xx_hal_msp.o
 .debug_frame   0x000001a4      0x120 ./Core/Src/stm32l4xx_it.o
 .debug_frame   0x000002c4      0x190 ./Core/Src/syscalls.o
 .debug_frame   0x00000454       0x28 ./Core/Src/sysmem.o
 .debug_frame   0x0000047c       0x30 ./Core/Src/system_stm32l4xx.o
 .debug_frame   0x000004ac      0x21c ./Drivers/STM32L4xx_HAL_Driver/Src/stm32l4xx_hal.o
 .debug_frame   0x000006c8      0x204 ./Drivers/STM32L4xx_HAL_Driver/Src/stm32l4xx_hal_cortex.o
 .debug_frame   0x000008cc      0x150 ./Drivers/STM32L4xx_HAL_Driver/Src/stm32l4xx_hal_dma.o
 .debug_frame   0x00000a1c       0xd0 ./Drivers/STM32L4xx_HAL_Driver/Src/stm32l4xx_hal_gpio.o
 .debug_frame   0x00000aec      0x248 ./Drivers/STM32L4xx_HAL_Driver/Src/stm32l4xx_hal_pwr_ex.o
 .debug_frame   0x00000d34      0x19c ./Drivers/STM32L4xx_HAL_Driver/Src/stm32l4xx_hal_rcc.o
 .debug_frame   0x00000ed0      0x25c ./Drivers/STM32L4xx_HAL_Driver/Src/stm32l4xx_hal_rcc_ex.o
 .debug_frame   0x0000112c      0x5f8 ./Drivers/STM32L4xx_HAL_Driver/Src/stm32l4xx_hal_spi.o
 .debug_frame   0x00001724      0x600 ./Drivers/STM32L4xx_HAL_Driver/Src/stm32l4xx_hal_uart.o
 .debug_frame   0x00001d24      0x38c ./st7789/st7789.o
 .debug_frame   0x000020b0      0x144 /home/lth/st/stm32cubeide_1.19.0/plugins/com.st.stm32cube.ide.mcu.externaltools.gnu-tools-for-stm32.13.3.rel1.linux64_1.0.0.202410170706/tools/bin/../lib/gcc/arm-none-eabi/13.3.1/../../../../arm-none-eabi/lib/thumb/v7e-m+fp/hard/libc_nano.a(libc_a-findfp.o)
 .debug_frame   0x000021f4       0x34 /home/lth/st/stm32cubeide_1.19.0/plugins/com.st.stm32cube.ide.mcu.externaltools.gnu-tools-for-stm32.13.3.rel1.linux64_1.0.0.202410170706/tools/bin/../lib/gcc/arm-none-eabi/13.3.1/../../../../arm-none-eabi/lib/thumb/v7e-m+fp/hard/libc_nano.a(libc_a-fwalk.o)
 .debug_frame   0x00002228       0x6c /home/lth/st/stm32cubeide_1.19.0/plugins/com.st.stm32cube.ide.mcu.externaltools.gnu-tools-for-stm32.13.3.rel1.linux64_1.0.0.202410170706/tools/bin/../lib/gcc/arm-none-eabi/13.3.1/../../../../arm-none-eabi/lib/thumb/v7e-m+fp/hard/libc_nano.a(libc_a-printf.o)
 .debug_frame   0x00002294       0x3c /home/lth/st/stm32cubeide_1.19.0/plugins/com.st.stm32cube.ide.mcu.externaltools.gnu-tools-for-stm32.13.3.rel1.linux64_1.0.0.202410170706/tools/bin/../lib/gcc/arm-none-eabi/13.3.1/../../../../arm-none-eabi/lib/thumb/v7e-m+fp/hard/libc_nano.a(libc_a-puts.o)
 .debug_frame   0x000022d0       0x88 /home/lth/st/stm32cubeide_1.19.0/plugins/com.st.stm32cube.ide.mcu.externaltools.gnu-tools-for-stm32.13.3.rel1.linux64_1.0.0.202410170706/tools/bin/../lib/gcc/arm-none-eabi/13.3.1/../../../../arm-none-eabi/lib/thumb/v7e-m+fp/hard/libc_nano.a(libc_a-stdio.o)
 .debug_frame   0x00002358       0x40 /home/lth/st/stm32cubeide_1.19.0/plugins/com.st.stm32cube.ide.mcu.externaltools.gnu-tools-for-stm32.13.3.rel1.linux64_1.0.0.202410170706/tools/bin/../lib/gcc/arm-none-eabi/13.3.1/../../../../arm-none-eabi/lib/thumb/v7e-m+fp/hard/libc_nano.a(libc_a-wbuf.o)
 .debug_frame   0x00002398       0x2c /home/lth/st/stm32cubeide_1.19.0/plugins/com.st.stm32cube.ide.mcu.externaltools.gnu-tools-for-stm32.13.3.rel1.linux64_1.0.0.202410170706/tools/bin/../lib/gcc/arm-none-eabi/13.3.1/../../../../arm-none-eabi/lib/thumb/v7e-m+fp/hard/libc_nano.a(libc_a-wsetup.o)
 .debug_frame   0x000023c4       0x20 /home/lth/st/stm32cubeide_1.19.0/plugins/com.st.stm32cube.ide.mcu.externaltools.gnu-tools-for-stm32.13.3.rel1.linux64_1.0.0.202410170706/tools/bin/../lib/gcc/arm-none-eabi/13.3.1/../../../../arm-none-eabi/lib/thumb/v7e-m+fp/hard/libc_nano.a(libc_a-memset.o)
 .debug_frame   0x000023e4       0x2c /home/lth/st/stm32cubeide_1.19.0/plugins/com.st.stm32cube.ide.mcu.externaltools.gnu-tools-for-stm32.13.3.rel1.linux64_1.0.0.202410170706/tools/bin/../lib/gcc/arm-none-eabi/13.3.1/../../../../arm-none-eabi/lib/thumb/v7e-m+fp/hard/libc_nano.a(libc_a-closer.o)
 .debug_frame   0x00002410       0x38 /home/lth/st/stm32cubeide_1.19.0/plugins/com.st.stm32cube.ide.mcu.externaltools.gnu-tools-for-stm32.13.3.rel1.linux64_1.0.0.202410170706/tools/bin/../lib/gcc/arm-none-eabi/13.3.1/../../../../arm-none-eabi/lib/thumb/v7e-m+fp/hard/libc_nano.a(libc_a-reent.o)
 .debug_frame   0x00002448       0x2c /home/lth/st/stm32cubeide_1.19.0/plugins/com.st.stm32cube.ide.mcu.externaltools.gnu-tools-for-stm32.13.3.rel1.linux64_1.0.0.202410170706/tools/bin/../lib/gcc/arm-none-eabi/13.3.1/../../../../arm-none-eabi/lib/thumb/v7e-m+fp/hard/libc_nano.a(libc_a-lseekr.o)
 .debug_frame   0x00002474       0x2c /home/lth/st/stm32cubeide_1.19.0/plugins/com.st.stm32cube.ide.mcu.externaltools.gnu-tools-for-stm32.13.3.rel1.linux64_1.0.0.202410170706/tools/bin/../lib/gcc/arm-none-eabi/13.3.1/../../../../arm-none-eabi/lib/thumb/v7e-m+fp/hard/libc_nano.a(libc_a-readr.o)
 .debug_frame   0x000024a0       0x2c /home/lth/st/stm32cubeide_1.19.0/plugins/com.st.stm32cube.ide.mcu.externaltools.gnu-tools-for-stm32.13.3.rel1.linux64_1.0.0.202410170706/tools/bin/../lib/gcc/arm-none-eabi/13.3.1/../../../../arm-none-eabi/lib/thumb/v7e-m+fp/hard/libc_nano.a(libc_a-writer.o)
 .debug_frame   0x000024cc       0x20 /home/lth/st/stm32cubeide_1.19.0/plugins/com.st.stm32cube.ide.mcu.externaltools.gnu-tools-for-stm32.13.3.rel1.linux64_1.0.0.202410170706/tools/bin/../lib/gcc/arm-none-eabi/13.3.1/../../../../arm-none-eabi/lib/thumb/v7e-m+fp/hard/libc_nano.a(libc_a-errno.o)