2025-10-25 06:54:16,445 [INFO] WebApp:194 - Connection lost
2025-10-25 06:54:17,267 [INFO] WebApp:191 - Connection restablished
2025-10-25 06:54:19,239 [INFO] WebApp:194 - Connection lost
2025-10-25 06:54:19,349 [INFO] WebApp:191 - Connection restablished
2025-10-25 07:35:24,271 [INFO] WebApp:194 - Connection lost
2025-10-25 07:35:24,463 [INFO] WebApp:191 - Connection restablished
2025-10-25 08:39:41,428 [INFO] UtilMem:75 - End SaveConfig() Used Memory: 620345944 Bytes (1073741824)
2025-10-25 08:39:43,569 [INFO] BlockDiagram:2775 - set Specific Code input for plugin: NVIC
2025-10-25 08:39:43,570 [INFO] BlockDiagram:2775 - set Specific Code input for plugin: RCC
2025-10-25 08:39:43,595 [INFO] CodeGenerator:892 - code generatio: config db path: /home/lth/st/stm32cubeide_1.19.0/plugins/com.st.stm32cube.common.mx_6.15.0.202507011659//db/
2025-10-25 08:39:43,936 [INFO] CodeEngine:265 - oldGeneratedFile, /home/lth/src/stm32-st7789/examples/stm32l432/MXTmpFiles/license.tmp_save
2025-10-25 08:39:44,448 [INFO] CodeEngine:289 - Generated code: /home/lth/src/stm32-st7789/examples/stm32l432/MXTmpFiles/license.tmp
2025-10-25 08:39:44,480 [INFO] CodeEngine:265 - oldGeneratedFile, /home/lth/src/stm32-st7789/examples/stm32l432/Core/Src/stm32l4xx_it.c_save
2025-10-25 08:39:44,869 [INFO] CodeEngine:289 - Generated code: /home/lth/src/stm32-st7789/examples/stm32l432/Core/Src/stm32l4xx_it.c
2025-10-25 08:39:44,884 [INFO] CodeEngine:265 - oldGeneratedFile, /home/lth/src/stm32-st7789/examples/stm32l432/Core/Inc/stm32l4xx_it.h_save
2025-10-25 08:39:44,983 [INFO] CodeEngine:289 - Generated code: /home/lth/src/stm32-st7789/examples/stm32l432/Core/Inc/stm32l4xx_it.h
2025-10-25 08:39:45,101 [INFO] CodeEngine:265 - oldGeneratedFile, /home/lth/src/stm32-st7789/examples/stm32l432/Core/Src/stm32l4xx_hal_msp.c_save
2025-10-25 08:39:45,230 [INFO] CodeEngine:289 - Generated code: /home/lth/src/stm32-st7789/examples/stm32l432/Core/Src/stm32l4xx_hal_msp.c
2025-10-25 08:39:45,233 [INFO] CodeEngine:265 - oldGeneratedFile, /home/lth/src/stm32-st7789/examples/stm32l432/MXTmpFiles/system.tmp_save
2025-10-25 08:39:45,419 [INFO] CodeEngine:289 - Generated code: /home/lth/src/stm32-st7789/examples/stm32l432/MXTmpFiles/system.tmp
2025-10-25 08:39:45,447 [INFO] CodeEngine:321 - oldGeneratedFile, /home/lth/src/stm32-st7789/examples/stm32l432/Core/Inc/stm32l4xx_hal_conf.h_save
2025-10-25 08:39:45,859 [INFO] CodeEngine:345 - Generated code: /home/lth/src/stm32-st7789/examples/stm32l432/Core/Inc/stm32l4xx_hal_conf.h
2025-10-25 08:39:46,070 [INFO] CodeEngine:265 - oldGeneratedFile, /home/lth/src/stm32-st7789/examples/stm32l432/Core/Inc/main.h_save
2025-10-25 08:39:46,576 [INFO] CodeEngine:289 - Generated code: /home/lth/src/stm32-st7789/examples/stm32l432/Core/Inc/main.h
2025-10-25 08:39:46,601 [INFO] CodeEngine:265 - oldGeneratedFile, /home/lth/src/stm32-st7789/examples/stm32l432/Core/Src/main.c_save
2025-10-25 08:39:46,978 [INFO] CodeEngine:289 - Generated code: /home/lth/src/stm32-st7789/examples/stm32l432/Core/Src/main.c
2025-10-25 08:39:48,438 [INFO] ProjectBuilder:3606 - Time for Copy HAL[1] : 613mS.
2025-10-25 08:39:48,444 [INFO] ProjectBuilder:5216 - Project Generator version: 4.7.0-B52
2025-10-25 08:39:48,635 [INFO] ConfigFileManager:1595 - The Die is : DIE435
2025-10-25 08:39:51,903 [INFO] ProjectBuilder:5496 - Time for Generating toolchain IDE Files: 3458mS.
2025-10-25 08:39:51,903 [INFO] ProjectBuilder:3463 - Time for Copy CMSIS : 0mS.
2025-10-25 08:39:51,906 [INFO] ProjectBuilder:3463 - Time for Copy CMSIS : 0mS.
