../st7789/st7789.c:20:13:ST7789_WriteCommand	16	static
../st7789/st7789.c:67:13:ST7789_WriteSmallData	16	static
../st7789/st7789.c:34:13:ST7789_WriteData	16	static
../st7789/st7789.c:136:13:ST7789_SetAddressWindow	32	static
../st7789/st7789.c:80:17:st7789_init	0	static
../st7789/st7789.c:110:6:ST7789_SetRotation	8	static
../st7789/st7789.c:230:6:ST7789_Fill_Color	16	static
../st7789/st7789.c:165:6:ST7789_Init	24	static
../st7789/st7789.c:272:6:ST7789_DrawPixel	16	static
../st7789/st7789.c:292:6:ST7789_Fill	40	static
../st7789/st7789.c:314:6:ST7789_DrawPixel_4px	32	static
../st7789/st7789.c:331:6:ST7789_DrawLine	48	static
../st7789/st7789.c:392:6:ST7789_DrawRectangle	40	static
../st7789/st7789.c:409:6:ST7789_DrawCircle	64	static
../st7789/st7789.c:453:6:ST7789_DrawImage	24	static
../st7789/st7789.c:473:6:ST7789_InvertColors	8	static
../st7789/st7789.c:489:6:ST7789_WriteChar	48	static
../st7789/st7789.c:520:6:ST7789_WriteString	48	static
../st7789/st7789.c:551:6:ST7789_DrawFilledRectangle	40	static
../st7789/st7789.c:585:6:ST7789_DrawTriangle	48	static
../st7789/st7789.c:601:6:ST7789_DrawFilledTriangle	80	static
../st7789/st7789.c:670:6:ST7789_DrawFilledCircle	64	static
../st7789/st7789.c:709:6:ST7789_TearEffect	8	static
../st7789/st7789.c:721:6:ST7789_Test	48	static
