../st7789/st7789.c:20:13:ST7789_WriteCommand	16	static
../st7789/st7789.c:67:13:ST7789_WriteSmallData	16	static
../st7789/st7789.c:34:13:ST7789_WriteData	16	static
../st7789/st7789.c:106:13:ST7789_SetAddressWindow	32	static
../st7789/st7789.c:80:6:ST7789_SetRotation	8	static
../st7789/st7789.c:200:6:ST7789_Fill_Color	16	static
../st7789/st7789.c:135:6:ST7789_Init	24	static
../st7789/st7789.c:242:6:ST7789_DrawPixel	16	static
../st7789/st7789.c:262:6:ST7789_Fill	40	static
../st7789/st7789.c:284:6:ST7789_DrawPixel_4px	32	static
../st7789/st7789.c:301:6:ST7789_DrawLine	48	static
../st7789/st7789.c:362:6:ST7789_DrawRectangle	40	static
../st7789/st7789.c:379:6:ST7789_DrawCircle	64	static
../st7789/st7789.c:423:6:ST7789_DrawImage	24	static
../st7789/st7789.c:443:6:ST7789_InvertColors	8	static
../st7789/st7789.c:459:6:ST7789_WriteChar	48	static
../st7789/st7789.c:490:6:ST7789_WriteString	48	static
../st7789/st7789.c:521:6:ST7789_DrawFilledRectangle	40	static
../st7789/st7789.c:555:6:ST7789_DrawTriangle	48	static
../st7789/st7789.c:571:6:ST7789_DrawFilledTriangle	80	static
../st7789/st7789.c:640:6:ST7789_DrawFilledCircle	64	static
../st7789/st7789.c:679:6:ST7789_TearEffect	8	static
../st7789/st7789.c:691:6:ST7789_Test	48	static
